stm32l4xx_hal_dac.c:378:19:HAL_DAC_Init	16	static
stm32l4xx_hal_dac.c:447:19:HAL_DAC_DeInit	16	static
stm32l4xx_hal_dac.c:492:13:HAL_DAC_MspInit	16	static
stm32l4xx_hal_dac.c:508:13:HAL_DAC_MspDeInit	16	static
stm32l4xx_hal_dac.c:550:19:HAL_DAC_Start	16	static
stm32l4xx_hal_dac.c:638:19:HAL_DAC_Stop	16	static
stm32l4xx_hal_dac.c:764:19:HAL_DAC_Start_DMA	32	static
stm32l4xx_hal_dac.c:896:19:HAL_DAC_Stop_DMA	24	static
stm32l4xx_hal_dac.c:972:6:HAL_DAC_IRQHandler	16	static
stm32l4xx_hal_dac.c:1050:19:HAL_DAC_SetValue	32	static
stm32l4xx_hal_dac.c:1082:13:HAL_DAC_ConvCpltCallbackCh1	16	static
stm32l4xx_hal_dac.c:1098:13:HAL_DAC_ConvHalfCpltCallbackCh1	16	static
stm32l4xx_hal_dac.c:1114:13:HAL_DAC_ErrorCallbackCh1	16	static
stm32l4xx_hal_dac.c:1130:13:HAL_DAC_DMAUnderrunCallbackCh1	16	static
stm32l4xx_hal_dac.c:1169:10:HAL_DAC_GetValue	16	static
stm32l4xx_hal_dac.c:1216:19:HAL_DAC_ConfigChannel	40	static
stm32l4xx_hal_dac.c:1419:22:HAL_DAC_GetState	16	static
stm32l4xx_hal_dac.c:1432:10:HAL_DAC_GetError	16	static
stm32l4xx_hal_dac.c:1708:6:DAC_DMAConvCpltCh1	24	static
stm32l4xx_hal_dac.c:1727:6:DAC_DMAHalfConvCpltCh1	24	static
stm32l4xx_hal_dac.c:1744:6:DAC_DMAErrorCh1	24	static
