Archive member included to satisfy reference by file (symbol)

c:/st/stm32cubeide_1.0.1/stm32cubeide/plugins/com.st.stm32cube.ide.mcu.externaltools.gnu-tools-for-stm32.7-2018-q2-update.win32_1.0.0.201904181610/tools/bin/../lib/gcc/arm-none-eabi/7.3.1/../../../../arm-none-eabi/lib/thumb/v7e-m/fpv4-sp/hard\libc_nano.a(lib_a-errno.o)
                              Src/syscalls.o (__errno)
c:/st/stm32cubeide_1.0.1/stm32cubeide/plugins/com.st.stm32cube.ide.mcu.externaltools.gnu-tools-for-stm32.7-2018-q2-update.win32_1.0.0.201904181610/tools/bin/../lib/gcc/arm-none-eabi/7.3.1/../../../../arm-none-eabi/lib/thumb/v7e-m/fpv4-sp/hard\libc_nano.a(lib_a-exit.o)
                              c:/st/stm32cubeide_1.0.1/stm32cubeide/plugins/com.st.stm32cube.ide.mcu.externaltools.gnu-tools-for-stm32.7-2018-q2-update.win32_1.0.0.201904181610/tools/bin/../lib/gcc/arm-none-eabi/7.3.1/../../../../arm-none-eabi/lib/thumb/v7e-m/fpv4-sp/hard/crt0.o (exit)
c:/st/stm32cubeide_1.0.1/stm32cubeide/plugins/com.st.stm32cube.ide.mcu.externaltools.gnu-tools-for-stm32.7-2018-q2-update.win32_1.0.0.201904181610/tools/bin/../lib/gcc/arm-none-eabi/7.3.1/../../../../arm-none-eabi/lib/thumb/v7e-m/fpv4-sp/hard\libc_nano.a(lib_a-impure.o)
                              c:/st/stm32cubeide_1.0.1/stm32cubeide/plugins/com.st.stm32cube.ide.mcu.externaltools.gnu-tools-for-stm32.7-2018-q2-update.win32_1.0.0.201904181610/tools/bin/../lib/gcc/arm-none-eabi/7.3.1/../../../../arm-none-eabi/lib/thumb/v7e-m/fpv4-sp/hard\libc_nano.a(lib_a-exit.o) (_global_impure_ptr)
c:/st/stm32cubeide_1.0.1/stm32cubeide/plugins/com.st.stm32cube.ide.mcu.externaltools.gnu-tools-for-stm32.7-2018-q2-update.win32_1.0.0.201904181610/tools/bin/../lib/gcc/arm-none-eabi/7.3.1/../../../../arm-none-eabi/lib/thumb/v7e-m/fpv4-sp/hard\libc_nano.a(lib_a-init.o)
                              c:/st/stm32cubeide_1.0.1/stm32cubeide/plugins/com.st.stm32cube.ide.mcu.externaltools.gnu-tools-for-stm32.7-2018-q2-update.win32_1.0.0.201904181610/tools/bin/../lib/gcc/arm-none-eabi/7.3.1/../../../../arm-none-eabi/lib/thumb/v7e-m/fpv4-sp/hard/crt0.o (__libc_init_array)
c:/st/stm32cubeide_1.0.1/stm32cubeide/plugins/com.st.stm32cube.ide.mcu.externaltools.gnu-tools-for-stm32.7-2018-q2-update.win32_1.0.0.201904181610/tools/bin/../lib/gcc/arm-none-eabi/7.3.1/../../../../arm-none-eabi/lib/thumb/v7e-m/fpv4-sp/hard\libc_nano.a(lib_a-malloc.o)
                              Middlewares/ST/STM32_USB_Host_Library/Class/CDC/Src/usbh_cdc.o (malloc)
c:/st/stm32cubeide_1.0.1/stm32cubeide/plugins/com.st.stm32cube.ide.mcu.externaltools.gnu-tools-for-stm32.7-2018-q2-update.win32_1.0.0.201904181610/tools/bin/../lib/gcc/arm-none-eabi/7.3.1/../../../../arm-none-eabi/lib/thumb/v7e-m/fpv4-sp/hard\libc_nano.a(lib_a-memcpy-stub.o)
                              Middlewares/Third_Party/FreeRTOS/Source/CMSIS_RTOS_V2/cmsis_os2.o (memcpy)
c:/st/stm32cubeide_1.0.1/stm32cubeide/plugins/com.st.stm32cube.ide.mcu.externaltools.gnu-tools-for-stm32.7-2018-q2-update.win32_1.0.0.201904181610/tools/bin/../lib/gcc/arm-none-eabi/7.3.1/../../../../arm-none-eabi/lib/thumb/v7e-m/fpv4-sp/hard\libc_nano.a(lib_a-memset.o)
                              c:/st/stm32cubeide_1.0.1/stm32cubeide/plugins/com.st.stm32cube.ide.mcu.externaltools.gnu-tools-for-stm32.7-2018-q2-update.win32_1.0.0.201904181610/tools/bin/../lib/gcc/arm-none-eabi/7.3.1/../../../../arm-none-eabi/lib/thumb/v7e-m/fpv4-sp/hard/crt0.o (memset)
c:/st/stm32cubeide_1.0.1/stm32cubeide/plugins/com.st.stm32cube.ide.mcu.externaltools.gnu-tools-for-stm32.7-2018-q2-update.win32_1.0.0.201904181610/tools/bin/../lib/gcc/arm-none-eabi/7.3.1/../../../../arm-none-eabi/lib/thumb/v7e-m/fpv4-sp/hard\libc_nano.a(lib_a-nano-freer.o)
                              c:/st/stm32cubeide_1.0.1/stm32cubeide/plugins/com.st.stm32cube.ide.mcu.externaltools.gnu-tools-for-stm32.7-2018-q2-update.win32_1.0.0.201904181610/tools/bin/../lib/gcc/arm-none-eabi/7.3.1/../../../../arm-none-eabi/lib/thumb/v7e-m/fpv4-sp/hard\libc_nano.a(lib_a-malloc.o) (_free_r)
c:/st/stm32cubeide_1.0.1/stm32cubeide/plugins/com.st.stm32cube.ide.mcu.externaltools.gnu-tools-for-stm32.7-2018-q2-update.win32_1.0.0.201904181610/tools/bin/../lib/gcc/arm-none-eabi/7.3.1/../../../../arm-none-eabi/lib/thumb/v7e-m/fpv4-sp/hard\libc_nano.a(lib_a-nano-mallocr.o)
                              c:/st/stm32cubeide_1.0.1/stm32cubeide/plugins/com.st.stm32cube.ide.mcu.externaltools.gnu-tools-for-stm32.7-2018-q2-update.win32_1.0.0.201904181610/tools/bin/../lib/gcc/arm-none-eabi/7.3.1/../../../../arm-none-eabi/lib/thumb/v7e-m/fpv4-sp/hard\libc_nano.a(lib_a-malloc.o) (_malloc_r)
c:/st/stm32cubeide_1.0.1/stm32cubeide/plugins/com.st.stm32cube.ide.mcu.externaltools.gnu-tools-for-stm32.7-2018-q2-update.win32_1.0.0.201904181610/tools/bin/../lib/gcc/arm-none-eabi/7.3.1/../../../../arm-none-eabi/lib/thumb/v7e-m/fpv4-sp/hard\libc_nano.a(lib_a-sbrkr.o)
[...]
Memory Configuration

Name             Origin             Length             Attributes
RAM              0x0000000020000000 0x0000000000018000 xrw
RAM2             0x0000000010000000 0x0000000000008000 xrw
FLASH            0x0000000008000000 0x0000000000100000 xr
*default*        0x0000000000000000 0xffffffffffffffff

Linker script and memory map

LOAD c:/st/stm32cubeide_1.0.1/stm32cubeide/plugins/com.st.stm32cube.ide.mcu.externaltools.gnu-tools-for-stm32.7-2018-q2-update.win32_1.0.0.201904181610/tools/bin/../lib/gcc/arm-none-eabi/7.3.1/thumb/v7e-m/fpv4-sp/hard/crti.o
LOAD c:/st/stm32cubeide_1.0.1/stm32cubeide/plugins/com.st.stm32cube.ide.mcu.externaltools.gnu-tools-for-stm32.7-2018-q2-update.win32_1.0.0.201904181610/tools/bin/../lib/gcc/arm-none-eabi/7.3.1/thumb/v7e-m/fpv4-sp/hard/crtbegin.o
LOAD c:/st/stm32cubeide_1.0.1/stm32cubeide/plugins/com.st.stm32cube.ide.mcu.externaltools.gnu-tools-for-stm32.7-2018-q2-update.win32_1.0.0.201904181610/tools/bin/../lib/gcc/arm-none-eabi/7.3.1/../../../../arm-none-eabi/lib/thumb/v7e-m/fpv4-sp/hard/crt0.o
LOAD Drivers/STM32L4xx_HAL_Driver/Src/stm32l4xx_hal.o
LOAD Drivers/STM32L4xx_HAL_Driver/Src/stm32l4xx_hal_adc.o
LOAD Drivers/STM32L4xx_HAL_Driver/Src/stm32l4xx_hal_adc_ex.o
LOAD Drivers/STM32L4xx_HAL_Driver/Src/stm32l4xx_hal_cortex.o
LOAD Drivers/STM32L4xx_HAL_Driver/Src/stm32l4xx_hal_dac.o
LOAD Drivers/STM32L4xx_HAL_Driver/Src/stm32l4xx_hal_dac_ex.o
LOAD Drivers/STM32L4xx_HAL_Driver/Src/stm32l4xx_hal_dma.o
LOAD Drivers/STM32L4xx_HAL_Driver/Src/stm32l4xx_hal_dma_ex.o
LOAD Drivers/STM32L4xx_HAL_Driver/Src/stm32l4xx_hal_exti.o
LOAD Drivers/STM32L4xx_HAL_Driver/Src/stm32l4xx_hal_flash.o
LOAD Drivers/STM32L4xx_HAL_Driver/Src/stm32l4xx_hal_flash_ex.o
LOAD Drivers/STM32L4xx_HAL_Driver/Src/stm32l4xx_hal_flash_ramfunc.o
LOAD Drivers/STM32L4xx_HAL_Driver/Src/stm32l4xx_hal_gpio.o
LOAD Drivers/STM32L4xx_HAL_Driver/Src/stm32l4xx_hal_hcd.o
LOAD Drivers/STM32L4xx_HAL_Driver/Src/stm32l4xx_hal_i2c.o
LOAD Drivers/STM32L4xx_HAL_Driver/Src/stm32l4xx_hal_i2c_ex.o
LOAD Drivers/STM32L4xx_HAL_Driver/Src/stm32l4xx_hal_lcd.o
LOAD Drivers/STM32L4xx_HAL_Driver/Src/stm32l4xx_hal_pwr.o
LOAD Drivers/STM32L4xx_HAL_Driver/Src/stm32l4xx_hal_pwr_ex.o
LOAD Drivers/STM32L4xx_HAL_Driver/Src/stm32l4xx_hal_qspi.o
LOAD Drivers/STM32L4xx_HAL_Driver/Src/stm32l4xx_hal_rcc.o
LOAD Drivers/STM32L4xx_HAL_Driver/Src/stm32l4xx_hal_rcc_ex.o
LOAD Drivers/STM32L4xx_HAL_Driver/Src/stm32l4xx_hal_sai.o
LOAD Drivers/STM32L4xx_HAL_Driver/Src/stm32l4xx_hal_sai_ex.o
LOAD Drivers/STM32L4xx_HAL_Driver/Src/stm32l4xx_hal_spi.o
LOAD Drivers/STM32L4xx_HAL_Driver/Src/stm32l4xx_hal_spi_ex.o
LOAD Drivers/STM32L4xx_HAL_Driver/Src/stm32l4xx_hal_tim.o
LOAD Drivers/STM32L4xx_HAL_Driver/Src/stm32l4xx_hal_tim_ex.o
LOAD Drivers/STM32L4xx_HAL_Driver/Src/stm32l4xx_hal_uart.o
LOAD Drivers/STM32L4xx_HAL_Driver/Src/stm32l4xx_hal_uart_ex.o
LOAD Drivers/STM32L4xx_HAL_Driver/Src/stm32l4xx_ll_usb.o
LOAD Middlewares/ST/STM32_USB_Host_Library/Class/CDC/Src/usbh_cdc.o
LOAD Middlewares/ST/STM32_USB_Host_Library/Core/Src/usbh_core.o
LOAD Middlewares/ST/STM32_USB_Host_Library/Core/Src/usbh_ctlreq.o
LOAD Middlewares/ST/STM32_USB_Host_Library/Core/Src/usbh_ioreq.o
LOAD Middlewares/ST/STM32_USB_Host_Library/Core/Src/usbh_pipes.o
LOAD Middlewares/Third_Party/FreeRTOS/Source/CMSIS_RTOS_V2/cmsis_os2.o
LOAD Middlewares/Third_Party/FreeRTOS/Source/croutine.o
LOAD Middlewares/Third_Party/FreeRTOS/Source/event_groups.o
LOAD Middlewares/Third_Party/FreeRTOS/Source/list.o
LOAD Middlewares/Third_Party/FreeRTOS/Source/queue.o
LOAD Middlewares/Third_Party/FreeRTOS/Source/stream_buffer.o
LOAD Middlewares/Third_Party/FreeRTOS/Source/tasks.o
LOAD Middlewares/Third_Party/FreeRTOS/Source/timers.o
LOAD Middlewares/Third_Party/FreeRTOS/Source/portable/GCC/ARM_CM4F/port.o
LOAD Middlewares/Third_Party/FreeRTOS/Source/portable/MemMang/heap_4.o
LOAD Src/freertos.o
LOAD Src/main.o
LOAD Src/stm32l4xx_hal_msp.o
LOAD Src/stm32l4xx_it.o
LOAD Src/syscalls.o
LOAD Src/sysmem.o
LOAD Src/system_stm32l4xx.o
LOAD Src/usb_host.o
LOAD Src/usbh_conf.o
LOAD Src/usbh_platform.o
LOAD Startup/startup_stm32l476vgtx.o
START GROUP
LOAD c:/st/stm32cubeide_1.0.1/stm32cubeide/plugins/com.st.stm32cube.ide.mcu.externaltools.gnu-tools-for-stm32.7-2018-q2-update.win32_1.0.0.201904181610/tools/bin/../lib/gcc/arm-none-eabi/7.3.1/../../../../arm-none-eabi/lib/thumb/v7e-m/fpv4-sp/hard\libc_nano.a
LOAD c:/st/stm32cubeide_1.0.1/stm32cubeide/plugins/com.st.stm32cube.ide.mcu.externaltools.gnu-tools-for-stm32.7-2018-q2-update.win32_1.0.0.201904181610/tools/bin/../lib/gcc/arm-none-eabi/7.3.1/../../../../arm-none-eabi/lib/thumb/v7e-m/fpv4-sp/hard\libm.a
END GROUP
START GROUP
LOAD c:/st/stm32cubeide_1.0.1/stm32cubeide/plugins/com.st.stm32cube.ide.mcu.externaltools.gnu-tools-for-stm32.7-2018-q2-update.win32_1.0.0.201904181610/tools/bin/../lib/gcc/arm-none-eabi/7.3.1/thumb/v7e-m/fpv4-sp/hard\libgcc.a
LOAD c:/st/stm32cubeide_1.0.1/stm32cubeide/plugins/com.st.stm32cube.ide.mcu.externaltools.gnu-tools-for-stm32.7-2018-q2-update.win32_1.0.0.201904181610/tools/bin/../lib/gcc/arm-none-eabi/7.3.1/../../../../arm-none-eabi/lib/thumb/v7e-m/fpv4-sp/hard\libc_nano.a
END GROUP
START GROUP
LOAD c:/st/stm32cubeide_1.0.1/stm32cubeide/plugins/com.st.stm32cube.ide.mcu.externaltools.gnu-tools-for-stm32.7-2018-q2-update.win32_1.0.0.201904181610/tools/bin/../lib/gcc/arm-none-eabi/7.3.1/thumb/v7e-m/fpv4-sp/hard\libgcc.a
LOAD c:/st/stm32cubeide_1.0.1/stm32cubeide/plugins/com.st.stm32cube.ide.mcu.externaltools.gnu-tools-for-stm32.7-2018-q2-update.win32_1.0.0.201904181610/tools/bin/../lib/gcc/arm-none-eabi/7.3.1/../../../../arm-none-eabi/lib/thumb/v7e-m/fpv4-sp/hard\libc_nano.a
LOAD c:/st/stm32cubeide_1.0.1/stm32cubeide/plugins/com.st.stm32cube.ide.mcu.externaltools.gnu-tools-for-stm32.7-2018-q2-update.win32_1.0.0.201904181610/tools/bin/../lib/gcc/arm-none-eabi/7.3.1/../../../../arm-none-eabi/lib/thumb/v7e-m/fpv4-sp/hard\libnosys.a
END GROUP
START GROUP
LOAD c:/st/stm32cubeide_1.0.1/stm32cubeide/plugins/com.st.stm32cube.ide.mcu.externaltools.gnu-tools-for-stm32.7-2018-q2-update.win32_1.0.0.201904181610/tools/bin/../lib/gcc/arm-none-eabi/7.3.1/thumb/v7e-m/fpv4-sp/hard\libgcc.a
LOAD c:/st/stm32cubeide_1.0.1/stm32cubeide/plugins/com.st.stm32cube.ide.mcu.externaltools.gnu-tools-for-stm32.7-2018-q2-update.win32_1.0.0.201904181610/tools/bin/../lib/gcc/arm-none-eabi/7.3.1/../../../../arm-none-eabi/lib/thumb/v7e-m/fpv4-sp/hard\libc_nano.a
LOAD c:/st/stm32cubeide_1.0.1/stm32cubeide/plugins/com.st.stm32cube.ide.mcu.externaltools.gnu-tools-for-stm32.7-2018-q2-update.win32_1.0.0.201904181610/tools/bin/../lib/gcc/arm-none-eabi/7.3.1/../../../../arm-none-eabi/lib/thumb/v7e-m/fpv4-sp/hard\libnosys.a
END GROUP
LOAD c:/st/stm32cubeide_1.0.1/stm32cubeide/plugins/com.st.stm32cube.ide.mcu.externaltools.gnu-tools-for-stm32.7-2018-q2-update.win32_1.0.0.201904181610/tools/bin/../lib/gcc/arm-none-eabi/7.3.1/thumb/v7e-m/fpv4-sp/hard/crtend.o
LOAD c:/st/stm32cubeide_1.0.1/stm32cubeide/plugins/com.st.stm32cube.ide.mcu.externaltools.gnu-tools-for-stm32.7-2018-q2-update.win32_1.0.0.201904181610/tools/bin/../lib/gcc/arm-none-eabi/7.3.1/thumb/v7e-m/fpv4-sp/hard/crtn.o
                0x0000000020018000                _estack = (ORIGIN (RAM) + LENGTH (RAM))
                0x0000000000000200                _Min_Heap_Size = 0x200
                0x0000000000000400                _Min_Stack_Size = 0x400

.isr_vector     0x0000000008000000      0x188
                0x0000000008000000                . = ALIGN (0x4)
 *(.isr_vector)
 .isr_vector    0x0000000008000000      0x188 Startup/startup_stm32l476vgtx.o
                0x0000000008000000                g_pfnVectors
                0x0000000008000188                . = ALIGN (0x4)

.text           0x0000000008000190     0xe900
                0x0000000008000190                . = ALIGN (0x4)
 *(.text)
 .text          0x0000000008000190       0x40 c:/st/stm32cubeide_1.0.1/stm32cubeide/plugins/com.st.stm32cube.ide.mcu.externaltools.gnu-tools-for-stm32.7-2018-q2-update.win32_1.0.0.201904181610/tools/bin/../lib/gcc/arm-none-eabi/7.3.1/thumb/v7e-m/fpv4-sp/hard/crtbegin.o
 .text          0x00000000080001d0       0x30 c:/st/stm32cubeide_1.0.1/stm32cubeide/plugins/com.st.stm32cube.ide.mcu.externaltools.gnu-tools-for-stm32.7-2018-q2-update.win32_1.0.0.201904181610/tools/bin/../lib/gcc/arm-none-eabi/7.3.1/thumb/v7e-m/fpv4-sp/hard\libgcc.a(_aeabi_uldivmod.o)
                0x00000000080001d0                __aeabi_uldivmod
 .text          0x0000000008000200      0x2cc c:/st/stm32cubeide_1.0.1/stm32cubeide/plugins/com.st.stm32cube.ide.mcu.externaltools.gnu-tools-for-stm32.7-2018-q2-update.win32_1.0.0.201904181610/tools/bin/../lib/gcc/arm-none-eabi/7.3.1/thumb/v7e-m/fpv4-sp/hard\libgcc.a(_udivmoddi4.o)
                0x0000000008000200                __udivmoddi4
 .text          0x00000000080004cc        0x4 c:/st/stm32cubeide_1.0.1/stm32cubeide/plugins/com.st.stm32cube.ide.mcu.externaltools.gnu-tools-for-stm32.7-2018-q2-update.win32_1.0.0.201904181610/tools/bin/../lib/gcc/arm-none-eabi/7.3.1/thumb/v7e-m/fpv4-sp/hard\libgcc.a(_dvmd_tls.o)
                0x00000000080004cc                __aeabi_idiv0
                0x00000000080004cc                __aeabi_ldiv0
 *(.text*)
 .text.HAL_Init
                0x00000000080004d0       0x40 Drivers/STM32L4xx_HAL_Driver/Src/stm32l4xx_hal.o
                0x00000000080004d0                HAL_Init
 .text.HAL_InitTick
                0x0000000008000510       0x74 Drivers/STM32L4xx_HAL_Driver/Src/stm32l4xx_hal.o
                0x0000000008000510                HAL_InitTick
 .text.HAL_IncTick
                0x0000000008000584       0x24 Drivers/STM32L4xx_HAL_Driver/Src/stm32l4xx_hal.o
                0x0000000008000584                HAL_IncTick
 .text.HAL_GetTick
                0x00000000080005a8       0x18 Drivers/STM32L4xx_HAL_Driver/Src/stm32l4xx_hal.o
                0x00000000080005a8                HAL_GetTick
 .text.HAL_Delay
                0x00000000080005c0       0x44 Drivers/STM32L4xx_HAL_Driver/Src/stm32l4xx_hal.o
                0x00000000080005c0                HAL_Delay
 .text.LL_ADC_SetCommonClock
                0x0000000008000604       0x26 Drivers/STM32L4xx_HAL_Driver/Src/stm32l4xx_hal_adc.o
 .text.LL_ADC_SetCommonPathInternalCh
                0x000000000800062a       0x26 Drivers/STM32L4xx_HAL_Driver/Src/stm32l4xx_hal_adc.o
 .text.LL_ADC_GetCommonPathInternalCh
                0x0000000008000650       0x1c Drivers/STM32L4xx_HAL_Driver/Src/stm32l4xx_hal_adc.o
 .text.LL_ADC_SetOffset
                0x000000000800066c       0x44 Drivers/STM32L4xx_HAL_Driver/Src/stm32l4xx_hal_adc.o
 .text.LL_ADC_GetOffsetChannel
                0x00000000080006b0       0x28 Drivers/STM32L4xx_HAL_Driver/Src/stm32l4xx_hal_adc.o
 .text.LL_ADC_SetOffsetState
                0x00000000080006d8       0x30 Drivers/STM32L4xx_HAL_Driver/Src/stm32l4xx_hal_adc.o
 .text.LL_ADC_REG_SetSequencerRanks
                0x0000000008000708       0x52 Drivers/STM32L4xx_HAL_Driver/Src/stm32l4xx_hal_adc.o
 .text.LL_ADC_SetChannelSamplingTime
                0x000000000800075a       0x50 Drivers/STM32L4xx_HAL_Driver/Src/stm32l4xx_hal_adc.o
 *fill*         0x00000000080007aa        0x2 
 .text.LL_ADC_SetChannelSingleDiff
                0x00000000080007ac       0x48 Drivers/STM32L4xx_HAL_Driver/Src/stm32l4xx_hal_adc.o
 .text.LL_ADC_DisableDeepPowerDown
                0x00000000080007f4       0x24 Drivers/STM32L4xx_HAL_Driver/Src/stm32l4xx_hal_adc.o
 .text.LL_ADC_IsDeepPowerDownEnabled
                0x0000000008000818       0x28 Drivers/STM32L4xx_HAL_Driver/Src/stm32l4xx_hal_adc.o
 .text.LL_ADC_EnableInternalRegulator
                0x0000000008000840       0x28 Drivers/STM32L4xx_HAL_Driver/Src/stm32l4xx_hal_adc.o
 .text.LL_ADC_IsInternalRegulatorEnabled
                0x0000000008000868       0x28 Drivers/STM32L4xx_HAL_Driver/Src/stm32l4xx_hal_adc.o
 .text.LL_ADC_IsEnabled
                0x0000000008000890       0x26 Drivers/STM32L4xx_HAL_Driver/Src/stm32l4xx_hal_adc.o
 .text.LL_ADC_REG_IsConversionOngoing
                0x00000000080008b6       0x26 Drivers/STM32L4xx_HAL_Driver/Src/stm32l4xx_hal_adc.o
 .text.LL_ADC_INJ_IsConversionOngoing
                0x00000000080008dc       0x26 Drivers/STM32L4xx_HAL_Driver/Src/stm32l4xx_hal_adc.o
 *fill*         0x0000000008000902        0x2 
 .text.HAL_ADC_Init
                0x0000000008000904      0x2a8 Drivers/STM32L4xx_HAL_Driver/Src/stm32l4xx_hal_adc.o
                0x0000000008000904                HAL_ADC_Init
 .text.HAL_ADC_ConfigChannel
                0x0000000008000bac      0x6c8 Drivers/STM32L4xx_HAL_Driver/Src/stm32l4xx_hal_adc.o
                0x0000000008000bac                HAL_ADC_ConfigChannel
 .text.LL_ADC_IsEnabled
                0x0000000008001274       0x26 Drivers/STM32L4xx_HAL_Driver/Src/stm32l4xx_hal_adc_ex.o
 .text.LL_ADC_REG_IsConversionOngoing
                0x000000000800129a       0x26 Drivers/STM32L4xx_HAL_Driver/Src/stm32l4xx_hal_adc_ex.o
 .text.HAL_ADCEx_MultiModeConfigChannel
                0x00000000080012c0      0x158 Drivers/STM32L4xx_HAL_Driver/Src/stm32l4xx_hal_adc_ex.o
                0x00000000080012c0                HAL_ADCEx_MultiModeConfigChannel
 .text.__NVIC_SetPriorityGrouping
                0x0000000008001418       0x48 Drivers/STM32L4xx_HAL_Driver/Src/stm32l4xx_hal_cortex.o
 .text.__NVIC_GetPriorityGrouping
                0x0000000008001460       0x1c Drivers/STM32L4xx_HAL_Driver/Src/stm32l4xx_hal_cortex.o
 .text.__NVIC_EnableIRQ
                0x000000000800147c       0x3c Drivers/STM32L4xx_HAL_Driver/Src/stm32l4xx_hal_cortex.o
 .text.__NVIC_SetPriority
                0x00000000080014b8       0x54 Drivers/STM32L4xx_HAL_Driver/Src/stm32l4xx_hal_cortex.o
 .text.NVIC_EncodePriority
                0x000000000800150c       0x66 Drivers/STM32L4xx_HAL_Driver/Src/stm32l4xx_hal_cortex.o
 *fill*         0x0000000008001572        0x2 
 .text.SysTick_Config
                0x0000000008001574       0x44 Drivers/STM32L4xx_HAL_Driver/Src/stm32l4xx_hal_cortex.o
 .text.HAL_NVIC_SetPriorityGrouping
                0x00000000080015b8       0x16 Drivers/STM32L4xx_HAL_Driver/Src/stm32l4xx_hal_cortex.o
                0x00000000080015b8                HAL_NVIC_SetPriorityGrouping
 .text.HAL_NVIC_SetPriority
                0x00000000080015ce       0x38 Drivers/STM32L4xx_HAL_Driver/Src/stm32l4xx_hal_cortex.o
                0x00000000080015ce                HAL_NVIC_SetPriority
 .text.HAL_NVIC_EnableIRQ
                0x0000000008001606       0x1c Drivers/STM32L4xx_HAL_Driver/Src/stm32l4xx_hal_cortex.o
                0x0000000008001606                HAL_NVIC_EnableIRQ
 .text.HAL_SYSTICK_Config
                0x0000000008001622       0x18 Drivers/STM32L4xx_HAL_Driver/Src/stm32l4xx_hal_cortex.o
                0x0000000008001622                HAL_SYSTICK_Config
 .text.HAL_DAC_Init
                0x000000000800163a       0x44 Drivers/STM32L4xx_HAL_Driver/Src/stm32l4xx_hal_dac.o
                0x000000000800163a                HAL_DAC_Init
 .text.HAL_DAC_ConfigChannel
                0x000000000800167e      0x234 Drivers/STM32L4xx_HAL_Driver/Src/stm32l4xx_hal_dac.o
                0x000000000800167e                HAL_DAC_ConfigChannel
 *fill*         0x00000000080018b2        0x2 
 .text.HAL_DMA_Init
                0x00000000080018b4      0x170 Drivers/STM32L4xx_HAL_Driver/Src/stm32l4xx_hal_dma.o
                0x00000000080018b4                HAL_DMA_Init
 .text.HAL_DMA_IRQHandler
                0x0000000008001a24      0x15e Drivers/STM32L4xx_HAL_Driver/Src/stm32l4xx_hal_dma.o
                0x0000000008001a24                HAL_DMA_IRQHandler
 *fill*         0x0000000008001b82        0x2 
 .text.HAL_GPIO_Init
                0x0000000008001b84      0x350 Drivers/STM32L4xx_HAL_Driver/Src/stm32l4xx_hal_gpio.o
                0x0000000008001b84                HAL_GPIO_Init
 .text.HAL_GPIO_WritePin
                0x0000000008001ed4       0x30 Drivers/STM32L4xx_HAL_Driver/Src/stm32l4xx_hal_gpio.o
                0x0000000008001ed4                HAL_GPIO_WritePin
 .text.HAL_HCD_Init
                0x0000000008001f04       0xc4 Drivers/STM32L4xx_HAL_Driver/Src/stm32l4xx_hal_hcd.o
                0x0000000008001f04                HAL_HCD_Init
 .text.HAL_HCD_HC_Init
                0x0000000008001fc8      0x130 Drivers/STM32L4xx_HAL_Driver/Src/stm32l4xx_hal_hcd.o
                0x0000000008001fc8                HAL_HCD_HC_Init
 .text.HAL_HCD_HC_Halt
                0x00000000080020f8       0x46 Drivers/STM32L4xx_HAL_Driver/Src/stm32l4xx_hal_hcd.o
                0x00000000080020f8                HAL_HCD_HC_Halt
 *fill*         0x000000000800213e        0x2 
 .text.HAL_HCD_HC_SubmitRequest
                0x0000000008002140      0x2dc Drivers/STM32L4xx_HAL_Driver/Src/stm32l4xx_hal_hcd.o
                0x0000000008002140                HAL_HCD_HC_SubmitRequest
 .text.HAL_HCD_IRQHandler
                0x000000000800241c      0x208 Drivers/STM32L4xx_HAL_Driver/Src/stm32l4xx_hal_hcd.o
                0x000000000800241c                HAL_HCD_IRQHandler
 .text.HAL_HCD_Start
                0x0000000008002624       0x46 Drivers/STM32L4xx_HAL_Driver/Src/stm32l4xx_hal_hcd.o
                0x0000000008002624                HAL_HCD_Start
 .text.HAL_HCD_Stop
                0x000000000800266a       0x3a Drivers/STM32L4xx_HAL_Driver/Src/stm32l4xx_hal_hcd.o
                0x000000000800266a                HAL_HCD_Stop
 .text.HAL_HCD_ResetPort
                0x00000000080026a4       0x1c Drivers/STM32L4xx_HAL_Driver/Src/stm32l4xx_hal_hcd.o
                0x00000000080026a4                HAL_HCD_ResetPort
 .text.HAL_HCD_HC_GetURBState
                0x00000000080026c0       0x2a Drivers/STM32L4xx_HAL_Driver/Src/stm32l4xx_hal_hcd.o
                0x00000000080026c0                HAL_HCD_HC_GetURBState
 .text.HAL_HCD_HC_GetXferCount
                0x00000000080026ea       0x2a Drivers/STM32L4xx_HAL_Driver/Src/stm32l4xx_hal_hcd.o
                0x00000000080026ea                HAL_HCD_HC_GetXferCount
 .text.HAL_HCD_GetCurrentFrame
                0x0000000008002714       0x1c Drivers/STM32L4xx_HAL_Driver/Src/stm32l4xx_hal_hcd.o
                0x0000000008002714                HAL_HCD_GetCurrentFrame
 .text.HAL_HCD_GetCurrentSpeed
                0x0000000008002730       0x1c Drivers/STM32L4xx_HAL_Driver/Src/stm32l4xx_hal_hcd.o
                0x0000000008002730                HAL_HCD_GetCurrentSpeed
 .text.HCD_HC_IN_IRQHandler
                0x000000000800274c      0x732 Drivers/STM32L4xx_HAL_Driver/Src/stm32l4xx_hal_hcd.o
 .text.HCD_HC_OUT_IRQHandler
                0x0000000008002e7e      0x6aa Drivers/STM32L4xx_HAL_Driver/Src/stm32l4xx_hal_hcd.o
 .text.HCD_RXQLVL_IRQHandler
                0x0000000008003528      0x158 Drivers/STM32L4xx_HAL_Driver/Src/stm32l4xx_hal_hcd.o
 .text.HCD_Port_IRQHandler
                0x0000000008003680       0xe6 Drivers/STM32L4xx_HAL_Driver/Src/stm32l4xx_hal_hcd.o
 .text.HAL_I2C_Init
                0x0000000008003766      0x11e Drivers/STM32L4xx_HAL_Driver/Src/stm32l4xx_hal_i2c.o
                0x0000000008003766                HAL_I2C_Init
 .text.HAL_I2CEx_ConfigAnalogFilter
                0x0000000008003884       0x96 Drivers/STM32L4xx_HAL_Driver/Src/stm32l4xx_hal_i2c_ex.o
                0x0000000008003884                HAL_I2CEx_ConfigAnalogFilter
 .text.HAL_I2CEx_ConfigDigitalFilter
                0x000000000800391a       0x98 Drivers/STM32L4xx_HAL_Driver/Src/stm32l4xx_hal_i2c_ex.o
                0x000000000800391a                HAL_I2CEx_ConfigDigitalFilter
 *fill*         0x00000000080039b2        0x2 
 .text.HAL_LCD_Init
                0x00000000080039b4      0x180 Drivers/STM32L4xx_HAL_Driver/Src/stm32l4xx_hal_lcd.o
                0x00000000080039b4                HAL_LCD_Init
 .text.LCD_WaitForSynchro
                0x0000000008003b34       0x42 Drivers/STM32L4xx_HAL_Driver/Src/stm32l4xx_hal_lcd.o
                0x0000000008003b34                LCD_WaitForSynchro
 *fill*         0x0000000008003b76        0x2 
 .text.HAL_PWR_EnableBkUpAccess
                0x0000000008003b78       0x20 Drivers/STM32L4xx_HAL_Driver/Src/stm32l4xx_hal_pwr.o
                0x0000000008003b78                HAL_PWR_EnableBkUpAccess
 .text.HAL_PWREx_GetVoltageRange
                0x0000000008003b98       0x1c Drivers/STM32L4xx_HAL_Driver/Src/stm32l4xx_hal_pwr_ex.o
                0x0000000008003b98                HAL_PWREx_GetVoltageRange
 .text.HAL_PWREx_ControlVoltageScaling
                0x0000000008003bb4       0xac Drivers/STM32L4xx_HAL_Driver/Src/stm32l4xx_hal_pwr_ex.o
                0x0000000008003bb4                HAL_PWREx_ControlVoltageScaling
 .text.HAL_PWREx_EnableVddUSB
                0x0000000008003c60       0x20 Drivers/STM32L4xx_HAL_Driver/Src/stm32l4xx_hal_pwr_ex.o
                0x0000000008003c60                HAL_PWREx_EnableVddUSB
 .text.HAL_QSPI_Init
                0x0000000008003c80      0x104 Drivers/STM32L4xx_HAL_Driver/Src/stm32l4xx_hal_qspi.o
                0x0000000008003c80                HAL_QSPI_Init
 .text.HAL_QSPI_SetTimeout
                0x0000000008003d84       0x1c Drivers/STM32L4xx_HAL_Driver/Src/stm32l4xx_hal_qspi.o
                0x0000000008003d84                HAL_QSPI_SetTimeout
 .text.QSPI_WaitFlagStateUntilTimeout
                0x0000000008003da0       0x6e Drivers/STM32L4xx_HAL_Driver/Src/stm32l4xx_hal_qspi.o
 *fill*         0x0000000008003e0e        0x2 
 .text.HAL_RCC_OscConfig
                0x0000000008003e10      0x7cc Drivers/STM32L4xx_HAL_Driver/Src/stm32l4xx_hal_rcc.o
                0x0000000008003e10                HAL_RCC_OscConfig
 .text.HAL_RCC_ClockConfig
                0x00000000080045dc      0x1c4 Drivers/STM32L4xx_HAL_Driver/Src/stm32l4xx_hal_rcc.o
                0x00000000080045dc                HAL_RCC_ClockConfig
 .text.HAL_RCC_GetSysClockFreq
                0x00000000080047a0      0x114 Drivers/STM32L4xx_HAL_Driver/Src/stm32l4xx_hal_rcc.o
                0x00000000080047a0                HAL_RCC_GetSysClockFreq
 .text.HAL_RCC_GetHCLKFreq
                0x00000000080048b4       0x18 Drivers/STM32L4xx_HAL_Driver/Src/stm32l4xx_hal_rcc.o
                0x00000000080048b4                HAL_RCC_GetHCLKFreq
 .text.HAL_RCC_GetPCLK1Freq
                0x00000000080048cc       0x2c Drivers/STM32L4xx_HAL_Driver/Src/stm32l4xx_hal_rcc.o
                0x00000000080048cc                HAL_RCC_GetPCLK1Freq
 .text.HAL_RCC_GetPCLK2Freq
                0x00000000080048f8       0x2c Drivers/STM32L4xx_HAL_Driver/Src/stm32l4xx_hal_rcc.o
                0x00000000080048f8                HAL_RCC_GetPCLK2Freq
 .text.RCC_SetFlashLatencyFromMSIRange
                0x0000000008004924       0xc0 Drivers/STM32L4xx_HAL_Driver/Src/stm32l4xx_hal_rcc.o
 .text.HAL_RCCEx_PeriphCLKConfig
                0x00000000080049e4      0x5cc Drivers/STM32L4xx_HAL_Driver/Src/stm32l4xx_hal_rcc_ex.o
                0x00000000080049e4                HAL_RCCEx_PeriphCLKConfig
 .text.HAL_RCCEx_GetPeriphCLKFreq
                0x0000000008004fb0      0x90c Drivers/STM32L4xx_HAL_Driver/Src/stm32l4xx_hal_rcc_ex.o
                0x0000000008004fb0                HAL_RCCEx_GetPeriphCLKFreq
 .text.HAL_RCCEx_EnableMSIPLLMode
                0x00000000080058bc       0x20 Drivers/STM32L4xx_HAL_Driver/Src/stm32l4xx_hal_rcc_ex.o
                0x00000000080058bc                HAL_RCCEx_EnableMSIPLLMode
 .text.RCCEx_PLLSAI1_Config
                0x00000000080058dc      0x1e0 Drivers/STM32L4xx_HAL_Driver/Src/stm32l4xx_hal_rcc_ex.o
 .text.RCCEx_PLLSAI2_Config
                0x0000000008005abc      0x1b4 Drivers/STM32L4xx_HAL_Driver/Src/stm32l4xx_hal_rcc_ex.o
 .text.RCCEx_GetSAIxPeriphCLKFreq
                0x0000000008005c70      0x1e0 Drivers/STM32L4xx_HAL_Driver/Src/stm32l4xx_hal_rcc_ex.o
 .text.HAL_SAI_Init
                0x0000000008005e50      0x2e0 Drivers/STM32L4xx_HAL_Driver/Src/stm32l4xx_hal_sai.o
                0x0000000008005e50                HAL_SAI_Init
 .text.SAI_Disable
                0x0000000008006130       0x68 Drivers/STM32L4xx_HAL_Driver/Src/stm32l4xx_hal_sai.o
 .text.HAL_SPI_Init
                0x0000000008006198      0x114 Drivers/STM32L4xx_HAL_Driver/Src/stm32l4xx_hal_spi.o
                0x0000000008006198                HAL_SPI_Init
 .text.HAL_TIM_Base_Init
                0x00000000080062ac       0x56 Drivers/STM32L4xx_HAL_Driver/Src/stm32l4xx_hal_tim.o
                0x00000000080062ac                HAL_TIM_Base_Init
 .text.HAL_TIM_ConfigClockSource
                0x0000000008006302      0x172 Drivers/STM32L4xx_HAL_Driver/Src/stm32l4xx_hal_tim.o
                0x0000000008006302                HAL_TIM_ConfigClockSource
 .text.HAL_TIM_SlaveConfigSynchro
                0x0000000008006474       0x84 Drivers/STM32L4xx_HAL_Driver/Src/stm32l4xx_hal_tim.o
                0x0000000008006474                HAL_TIM_SlaveConfigSynchro
 .text.TIM_Base_SetConfig
                0x00000000080064f8      0x134 Drivers/STM32L4xx_HAL_Driver/Src/stm32l4xx_hal_tim.o
                0x00000000080064f8                TIM_Base_SetConfig
 .text.TIM_SlaveTimer_SetConfig
                0x000000000800662c      0x110 Drivers/STM32L4xx_HAL_Driver/Src/stm32l4xx_hal_tim.o
 .text.TIM_TI1_ConfigInputStage
                0x000000000800673c       0x5e Drivers/STM32L4xx_HAL_Driver/Src/stm32l4xx_hal_tim.o
 .text.TIM_TI2_ConfigInputStage
                0x000000000800679a       0x60 Drivers/STM32L4xx_HAL_Driver/Src/stm32l4xx_hal_tim.o
 .text.TIM_ITRx_SetConfig
                0x00000000080067fa       0x36 Drivers/STM32L4xx_HAL_Driver/Src/stm32l4xx_hal_tim.o
 .text.TIM_ETR_SetConfig
                0x0000000008006830       0x40 Drivers/STM32L4xx_HAL_Driver/Src/stm32l4xx_hal_tim.o
                0x0000000008006830                TIM_ETR_SetConfig
 .text.HAL_TIMEx_MasterConfigSynchronization
                0x0000000008006870      0x110 Drivers/STM32L4xx_HAL_Driver/Src/stm32l4xx_hal_tim_ex.o
                0x0000000008006870                HAL_TIMEx_MasterConfigSynchronization
 .text.HAL_UART_Init
                0x0000000008006980       0x9c Drivers/STM32L4xx_HAL_Driver/Src/stm32l4xx_hal_uart.o
                0x0000000008006980                HAL_UART_Init
 .text.UART_SetConfig
                0x0000000008006a1c      0x6e4 Drivers/STM32L4xx_HAL_Driver/Src/stm32l4xx_hal_uart.o
                0x0000000008006a1c                UART_SetConfig
 .text.UART_AdvFeatureConfig
                0x0000000008007100      0x144 Drivers/STM32L4xx_HAL_Driver/Src/stm32l4xx_hal_uart.o
                0x0000000008007100                UART_AdvFeatureConfig
 .text.UART_CheckIdleState
                0x0000000008007244       0x8a Drivers/STM32L4xx_HAL_Driver/Src/stm32l4xx_hal_uart.o
                0x0000000008007244                UART_CheckIdleState
 .text.UART_WaitOnFlagUntilTimeout
                0x00000000080072ce       0xf6 Drivers/STM32L4xx_HAL_Driver/Src/stm32l4xx_hal_uart.o
                0x00000000080072ce                UART_WaitOnFlagUntilTimeout
 .text.USB_CoreInit
                0x00000000080073c4       0xa4 Drivers/STM32L4xx_HAL_Driver/Src/stm32l4xx_ll_usb.o
                0x00000000080073c4                USB_CoreInit
 .text.USB_EnableGlobalInt
                0x0000000008007468       0x22 Drivers/STM32L4xx_HAL_Driver/Src/stm32l4xx_ll_usb.o
                0x0000000008007468                USB_EnableGlobalInt
 .text.USB_DisableGlobalInt
                0x000000000800748a       0x22 Drivers/STM32L4xx_HAL_Driver/Src/stm32l4xx_ll_usb.o
                0x000000000800748a                USB_DisableGlobalInt
 .text.USB_SetCurrentMode
                0x00000000080074ac       0x54 Drivers/STM32L4xx_HAL_Driver/Src/stm32l4xx_ll_usb.o
                0x00000000080074ac                USB_SetCurrentMode
 .text.USB_FlushTxFifo
                0x0000000008007500       0x4c Drivers/STM32L4xx_HAL_Driver/Src/stm32l4xx_ll_usb.o
                0x0000000008007500                USB_FlushTxFifo
 .text.USB_FlushRxFifo
                0x000000000800754c       0x44 Drivers/STM32L4xx_HAL_Driver/Src/stm32l4xx_ll_usb.o
                0x000000000800754c                USB_FlushRxFifo
 .text.USB_WritePacket
                0x0000000008007590       0x62 Drivers/STM32L4xx_HAL_Driver/Src/stm32l4xx_ll_usb.o
                0x0000000008007590                USB_WritePacket
 .text.USB_ReadPacket
                0x00000000080075f2       0x52 Drivers/STM32L4xx_HAL_Driver/Src/stm32l4xx_ll_usb.o
                0x00000000080075f2                USB_ReadPacket
 .text.USB_ReadInterrupts
                0x0000000008007644       0x26 Drivers/STM32L4xx_HAL_Driver/Src/stm32l4xx_ll_usb.o
                0x0000000008007644                USB_ReadInterrupts
 .text.USB_GetMode
                0x000000000800766a       0x1c Drivers/STM32L4xx_HAL_Driver/Src/stm32l4xx_ll_usb.o
                0x000000000800766a                USB_GetMode
 *fill*         0x0000000008007686        0x2 
 .text.USB_CoreReset
                0x0000000008007688       0x68 Drivers/STM32L4xx_HAL_Driver/Src/stm32l4xx_ll_usb.o
 .text.USB_HostInit
                0x00000000080076f0       0xfc Drivers/STM32L4xx_HAL_Driver/Src/stm32l4xx_ll_usb.o
                0x00000000080076f0                USB_HostInit
 .text.USB_InitFSLSPClkSel
                0x00000000080077ec       0x74 Drivers/STM32L4xx_HAL_Driver/Src/stm32l4xx_ll_usb.o
                0x00000000080077ec                USB_InitFSLSPClkSel
 .text.USB_ResetPort
                0x0000000008007860       0x54 Drivers/STM32L4xx_HAL_Driver/Src/stm32l4xx_ll_usb.o
                0x0000000008007860                USB_ResetPort
 .text.USB_DriveVbus
                0x00000000080078b4       0x72 Drivers/STM32L4xx_HAL_Driver/Src/stm32l4xx_ll_usb.o
                0x00000000080078b4                USB_DriveVbus
 .text.USB_GetHostSpeed
                0x0000000008007926       0x2e Drivers/STM32L4xx_HAL_Driver/Src/stm32l4xx_ll_usb.o
                0x0000000008007926                USB_GetHostSpeed
 .text.USB_GetCurrentFrame
                0x0000000008007954       0x22 Drivers/STM32L4xx_HAL_Driver/Src/stm32l4xx_ll_usb.o
                0x0000000008007954                USB_GetCurrentFrame
 *fill*         0x0000000008007976        0x2 
 .text.USB_HC_Init
                0x0000000008007978      0x1e4 Drivers/STM32L4xx_HAL_Driver/Src/stm32l4xx_ll_usb.o
                0x0000000008007978                USB_HC_Init
 .text.USB_HC_StartXfer
                0x0000000008007b5c      0x200 Drivers/STM32L4xx_HAL_Driver/Src/stm32l4xx_ll_usb.o
                0x0000000008007b5c                USB_HC_StartXfer
 .text.USB_HC_ReadInterrupt
                0x0000000008007d5c       0x22 Drivers/STM32L4xx_HAL_Driver/Src/stm32l4xx_ll_usb.o
                0x0000000008007d5c                USB_HC_ReadInterrupt
 .text.USB_HC_Halt
                0x0000000008007d7e      0x1fe Drivers/STM32L4xx_HAL_Driver/Src/stm32l4xx_ll_usb.o
                0x0000000008007d7e                USB_HC_Halt
 .text.USB_StopHost
                0x0000000008007f7c      0x10c Drivers/STM32L4xx_HAL_Driver/Src/stm32l4xx_ll_usb.o
                0x0000000008007f7c                USB_StopHost
 .text.USBH_CDC_InterfaceInit
                0x0000000008008088      0x2ac Middlewares/ST/STM32_USB_Host_Library/Class/CDC/Src/usbh_cdc.o
 .text.USBH_CDC_InterfaceDeInit
                0x0000000008008334       0xb2 Middlewares/ST/STM32_USB_Host_Library/Class/CDC/Src/usbh_cdc.o
 .text.USBH_CDC_ClassRequest
                0x00000000080083e6       0x42 Middlewares/ST/STM32_USB_Host_Library/Class/CDC/Src/usbh_cdc.o
 .text.USBH_CDC_Process
                0x0000000008008428      0x12c Middlewares/ST/STM32_USB_Host_Library/Class/CDC/Src/usbh_cdc.o
 .text.USBH_CDC_SOFProcess
                0x0000000008008554       0x16 Middlewares/ST/STM32_USB_Host_Library/Class/CDC/Src/usbh_cdc.o
 .text.GetLineCoding
                0x000000000800856a       0x3e Middlewares/ST/STM32_USB_Host_Library/Class/CDC/Src/usbh_cdc.o
 .text.SetLineCoding
                0x00000000080085a8       0x3e Middlewares/ST/STM32_USB_Host_Library/Class/CDC/Src/usbh_cdc.o
 .text.CDC_ProcessTransmission
                0x00000000080085e6      0x128 Middlewares/ST/STM32_USB_Host_Library/Class/CDC/Src/usbh_cdc.o
 .text.CDC_ProcessReception
                0x000000000800870e       0xd2 Middlewares/ST/STM32_USB_Host_Library/Class/CDC/Src/usbh_cdc.o
 .text.USBH_CDC_TransmitCallback
                0x00000000080087e0       0x14 Middlewares/ST/STM32_USB_Host_Library/Class/CDC/Src/usbh_cdc.o
                0x00000000080087e0                USBH_CDC_TransmitCallback
 .text.USBH_CDC_ReceiveCallback
                0x00000000080087f4       0x14 Middlewares/ST/STM32_USB_Host_Library/Class/CDC/Src/usbh_cdc.o
                0x00000000080087f4                USBH_CDC_ReceiveCallback
 .text.USBH_CDC_LineCodingChanged
                0x0000000008008808       0x14 Middlewares/ST/STM32_USB_Host_Library/Class/CDC/Src/usbh_cdc.o
                0x0000000008008808                USBH_CDC_LineCodingChanged
 .text.USBH_Init
                0x000000000800881c       0xb8 Middlewares/ST/STM32_USB_Host_Library/Core/Src/usbh_core.o
                0x000000000800881c                USBH_Init
 .text.DeInitStateMachine
                0x00000000080088d4       0x96 Middlewares/ST/STM32_USB_Host_Library/Core/Src/usbh_core.o
 .text.USBH_RegisterClass
                0x000000000800896a       0x56 Middlewares/ST/STM32_USB_Host_Library/Core/Src/usbh_core.o
                0x000000000800896a                USBH_RegisterClass
 .text.USBH_SelectInterface
                0x00000000080089c0       0x38 Middlewares/ST/STM32_USB_Host_Library/Core/Src/usbh_core.o
                0x00000000080089c0                USBH_SelectInterface
 .text.USBH_FindInterface
                0x00000000080089f8       0x8c Middlewares/ST/STM32_USB_Host_Library/Core/Src/usbh_core.o
                0x00000000080089f8                USBH_FindInterface
 .text.USBH_Start
                0x0000000008008a84       0x20 Middlewares/ST/STM32_USB_Host_Library/Core/Src/usbh_core.o
                0x0000000008008a84                USBH_Start
 .text.USBH_Process
                0x0000000008008aa4      0x41c Middlewares/ST/STM32_USB_Host_Library/Core/Src/usbh_core.o
                0x0000000008008aa4                USBH_Process
 .text.USBH_HandleEnum
                0x0000000008008ec0      0x2a8 Middlewares/ST/STM32_USB_Host_Library/Core/Src/usbh_core.o
 .text.USBH_LL_SetTimer
                0x0000000008009168       0x1e Middlewares/ST/STM32_USB_Host_Library/Core/Src/usbh_core.o
                0x0000000008009168                USBH_LL_SetTimer
 .text.USBH_LL_IncTimer
                0x0000000008009186       0x24 Middlewares/ST/STM32_USB_Host_Library/Core/Src/usbh_core.o
                0x0000000008009186                USBH_LL_IncTimer
 .text.USBH_HandleSof
                0x00000000080091aa       0x30 Middlewares/ST/STM32_USB_Host_Library/Core/Src/usbh_core.o
 .text.USBH_LL_PortEnabled
                0x00000000080091da       0x34 Middlewares/ST/STM32_USB_Host_Library/Core/Src/usbh_core.o
                0x00000000080091da                USBH_LL_PortEnabled
 .text.USBH_LL_PortDisabled
                0x000000000800920e       0x1c Middlewares/ST/STM32_USB_Host_Library/Core/Src/usbh_core.o
                0x000000000800920e                USBH_LL_PortDisabled
 .text.USBH_LL_Connect
                0x000000000800922a       0x46 Middlewares/ST/STM32_USB_Host_Library/Core/Src/usbh_core.o
                0x000000000800922a                USBH_LL_Connect
 .text.USBH_LL_Disconnect
                0x0000000008009270       0x64 Middlewares/ST/STM32_USB_Host_Library/Core/Src/usbh_core.o
                0x0000000008009270                USBH_LL_Disconnect
 .text.USBH_Process_OS
                0x00000000080092d4       0x2e Middlewares/ST/STM32_USB_Host_Library/Core/Src/usbh_core.o
 .text.USBH_LL_NotifyURBChange
                0x0000000008009302       0x2e Middlewares/ST/STM32_USB_Host_Library/Core/Src/usbh_core.o
                0x0000000008009302                USBH_LL_NotifyURBChange
 .text.USBH_Get_DevDesc
                0x0000000008009330       0x50 Middlewares/ST/STM32_USB_Host_Library/Core/Src/usbh_ctlreq.o
                0x0000000008009330                USBH_Get_DevDesc
 .text.USBH_Get_CfgDesc
                0x0000000008009380       0x48 Middlewares/ST/STM32_USB_Host_Library/Core/Src/usbh_ctlreq.o
                0x0000000008009380                USBH_Get_CfgDesc
 .text.USBH_Get_StringDesc
                0x00000000080093c8       0x56 Middlewares/ST/STM32_USB_Host_Library/Core/Src/usbh_ctlreq.o
                0x00000000080093c8                USBH_Get_StringDesc
 .text.USBH_GetDescriptor
                0x000000000800941e       0x6a Middlewares/ST/STM32_USB_Host_Library/Core/Src/usbh_ctlreq.o
                0x000000000800941e                USBH_GetDescriptor
 .text.USBH_SetAddress
                0x0000000008009488       0x48 Middlewares/ST/STM32_USB_Host_Library/Core/Src/usbh_ctlreq.o
                0x0000000008009488                USBH_SetAddress
 .text.USBH_SetCfg
                0x00000000080094d0       0x46 Middlewares/ST/STM32_USB_Host_Library/Core/Src/usbh_ctlreq.o
                0x00000000080094d0                USBH_SetCfg
 .text.USBH_SetFeature
                0x0000000008009516       0x48 Middlewares/ST/STM32_USB_Host_Library/Core/Src/usbh_ctlreq.o
                0x0000000008009516                USBH_SetFeature
 .text.USBH_ClrFeature
                0x000000000800955e       0x48 Middlewares/ST/STM32_USB_Host_Library/Core/Src/usbh_ctlreq.o
                0x000000000800955e                USBH_ClrFeature
 .text.USBH_ParseDevDesc
                0x00000000080095a6       0xe0 Middlewares/ST/STM32_USB_Host_Library/Core/Src/usbh_ctlreq.o
 .text.USBH_ParseCfgDesc
                0x0000000008009686      0x144 Middlewares/ST/STM32_USB_Host_Library/Core/Src/usbh_ctlreq.o
 .text.USBH_ParseInterfaceDesc
                0x00000000080097ca       0x5e Middlewares/ST/STM32_USB_Host_Library/Core/Src/usbh_ctlreq.o
 .text.USBH_ParseEPDesc
                0x0000000008009828       0x5a Middlewares/ST/STM32_USB_Host_Library/Core/Src/usbh_ctlreq.o
 .text.USBH_ParseStringDesc
                0x0000000008009882       0x66 Middlewares/ST/STM32_USB_Host_Library/Core/Src/usbh_ctlreq.o
 .text.USBH_GetNextDesc
                0x00000000080098e8       0x36 Middlewares/ST/STM32_USB_Host_Library/Core/Src/usbh_ctlreq.o
                0x00000000080098e8                USBH_GetNextDesc
 .text.USBH_CtlReq
                0x000000000800991e       0xb0 Middlewares/ST/STM32_USB_Host_Library/Core/Src/usbh_ctlreq.o
                0x000000000800991e                USBH_CtlReq
 *fill*         0x00000000080099ce        0x2 
 .text.USBH_HandleControl
                0x00000000080099d0      0x47c Middlewares/ST/STM32_USB_Host_Library/Core/Src/usbh_ctlreq.o
 .text.USBH_CtlSendSetup
                0x0000000008009e4c       0x34 Middlewares/ST/STM32_USB_Host_Library/Core/Src/usbh_ioreq.o
                0x0000000008009e4c                USBH_CtlSendSetup
 .text.USBH_CtlSendData
                0x0000000008009e80       0x4a Middlewares/ST/STM32_USB_Host_Library/Core/Src/usbh_ioreq.o
                0x0000000008009e80                USBH_CtlSendData
 .text.USBH_CtlReceiveData
                0x0000000008009eca       0x3c Middlewares/ST/STM32_USB_Host_Library/Core/Src/usbh_ioreq.o
                0x0000000008009eca                USBH_CtlReceiveData
 .text.USBH_BulkSendData
                0x0000000008009f06       0x4a Middlewares/ST/STM32_USB_Host_Library/Core/Src/usbh_ioreq.o
                0x0000000008009f06                USBH_BulkSendData
 .text.USBH_BulkReceiveData
                0x0000000008009f50       0x3c Middlewares/ST/STM32_USB_Host_Library/Core/Src/usbh_ioreq.o
                0x0000000008009f50                USBH_BulkReceiveData
 .text.USBH_OpenPipe
                0x0000000008009f8c       0x3e Middlewares/ST/STM32_USB_Host_Library/Core/Src/usbh_pipes.o
                0x0000000008009f8c                USBH_OpenPipe
 .text.USBH_ClosePipe
                0x0000000008009fca       0x20 Middlewares/ST/STM32_USB_Host_Library/Core/Src/usbh_pipes.o
                0x0000000008009fca                USBH_ClosePipe
 .text.USBH_AllocPipe
                0x0000000008009fea       0x40 Middlewares/ST/STM32_USB_Host_Library/Core/Src/usbh_pipes.o
                0x0000000008009fea                USBH_AllocPipe
 .text.USBH_FreePipe
                0x000000000800a02a       0x38 Middlewares/ST/STM32_USB_Host_Library/Core/Src/usbh_pipes.o
                0x000000000800a02a                USBH_FreePipe
 .text.USBH_GetFreePipe
                0x000000000800a062       0x46 Middlewares/ST/STM32_USB_Host_Library/Core/Src/usbh_pipes.o
 .text.SVC_Setup
                0x000000000800a0a8        0xe Middlewares/Third_Party/FreeRTOS/Source/CMSIS_RTOS_V2/cmsis_os2.o
 *fill*         0x000000000800a0b6        0x2 
 .text.osKernelInitialize
                0x000000000800a0b8       0x68 Middlewares/Third_Party/FreeRTOS/Source/CMSIS_RTOS_V2/cmsis_os2.o
                0x000000000800a0b8                osKernelInitialize
 .text.osKernelStart
                0x000000000800a120       0x6c Middlewares/Third_Party/FreeRTOS/Source/CMSIS_RTOS_V2/cmsis_os2.o
                0x000000000800a120                osKernelStart
 .text.osThreadNew
                0x000000000800a18c      0x14c Middlewares/Third_Party/FreeRTOS/Source/CMSIS_RTOS_V2/cmsis_os2.o
                0x000000000800a18c                osThreadNew
 .text.osDelay  0x000000000800a2d8       0x5c Middlewares/Third_Party/FreeRTOS/Source/CMSIS_RTOS_V2/cmsis_os2.o
                0x000000000800a2d8                osDelay
 .text.osMessageQueueNew
                0x000000000800a334      0x10c Middlewares/Third_Party/FreeRTOS/Source/CMSIS_RTOS_V2/cmsis_os2.o
                0x000000000800a334                osMessageQueueNew
 .text.osMessageQueuePut
                0x000000000800a440       0xe8 Middlewares/Third_Party/FreeRTOS/Source/CMSIS_RTOS_V2/cmsis_os2.o
                0x000000000800a440                osMessageQueuePut
 .text.osMessageQueueGet
                0x000000000800a528       0xe4 Middlewares/Third_Party/FreeRTOS/Source/CMSIS_RTOS_V2/cmsis_os2.o
                0x000000000800a528                osMessageQueueGet
 .text.vApplicationGetIdleTaskMemory
                0x000000000800a60c       0x34 Middlewares/Third_Party/FreeRTOS/Source/CMSIS_RTOS_V2/cmsis_os2.o
                0x000000000800a60c                vApplicationGetIdleTaskMemory
 .text.vApplicationGetTimerTaskMemory
                0x000000000800a640       0x34 Middlewares/Third_Party/FreeRTOS/Source/CMSIS_RTOS_V2/cmsis_os2.o
                0x000000000800a640                vApplicationGetTimerTaskMemory
 .text.vListInitialise
                0x000000000800a674       0x40 Middlewares/Third_Party/FreeRTOS/Source/list.o
                0x000000000800a674                vListInitialise
 .text.vListInitialiseItem
                0x000000000800a6b4       0x1a Middlewares/Third_Party/FreeRTOS/Source/list.o
                0x000000000800a6b4                vListInitialiseItem
 .text.vListInsertEnd
                0x000000000800a6ce       0x48 Middlewares/Third_Party/FreeRTOS/Source/list.o
                0x000000000800a6ce                vListInsertEnd
 .text.vListInsert
                0x000000000800a716       0x72 Middlewares/Third_Party/FreeRTOS/Source/list.o
                0x000000000800a716                vListInsert
 .text.uxListRemove
                0x000000000800a788       0x54 Middlewares/Third_Party/FreeRTOS/Source/list.o
                0x000000000800a788                uxListRemove
 .text.xQueueGenericReset
                0x000000000800a7dc       0xd0 Middlewares/Third_Party/FreeRTOS/Source/queue.o
                0x000000000800a7dc                xQueueGenericReset
 .text.xQueueGenericCreateStatic
                0x000000000800a8ac       0xe6 Middlewares/Third_Party/FreeRTOS/Source/queue.o
                0x000000000800a8ac                xQueueGenericCreateStatic
 .text.xQueueGenericCreate
                0x000000000800a992       0x7e Middlewares/Third_Party/FreeRTOS/Source/queue.o
                0x000000000800a992                xQueueGenericCreate
 .text.prvInitialiseNewQueue
                0x000000000800aa10       0x46 Middlewares/Third_Party/FreeRTOS/Source/queue.o
 *fill*         0x000000000800aa56        0x2 
 .text.xQueueGenericSend
                0x000000000800aa58      0x1f4 Middlewares/Third_Party/FreeRTOS/Source/queue.o
                0x000000000800aa58                xQueueGenericSend
 .text.xQueueGenericSendFromISR
                0x000000000800ac4c      0x128 Middlewares/Third_Party/FreeRTOS/Source/queue.o
                0x000000000800ac4c                xQueueGenericSendFromISR
 .text.xQueueReceive
                0x000000000800ad74      0x1b8 Middlewares/Third_Party/FreeRTOS/Source/queue.o
                0x000000000800ad74                xQueueReceive
 .text.xQueueReceiveFromISR
                0x000000000800af2c       0xfa Middlewares/Third_Party/FreeRTOS/Source/queue.o
                0x000000000800af2c                xQueueReceiveFromISR
 .text.prvCopyDataToQueue
                0x000000000800b026       0xd4 Middlewares/Third_Party/FreeRTOS/Source/queue.o
 .text.prvCopyDataFromQueue
                0x000000000800b0fa       0x4c Middlewares/Third_Party/FreeRTOS/Source/queue.o
 .text.prvUnlockQueue
                0x000000000800b146       0xa4 Middlewares/Third_Party/FreeRTOS/Source/queue.o
 .text.prvIsQueueEmpty
                0x000000000800b1ea       0x2c Middlewares/Third_Party/FreeRTOS/Source/queue.o
 .text.prvIsQueueFull
                0x000000000800b216       0x30 Middlewares/Third_Party/FreeRTOS/Source/queue.o
 *fill*         0x000000000800b246        0x2 
 .text.vQueueAddToRegistry
                0x000000000800b248       0x50 Middlewares/Third_Party/FreeRTOS/Source/queue.o
                0x000000000800b248                vQueueAddToRegistry
 .text.vQueueWaitForMessageRestricted
                0x000000000800b298       0x68 Middlewares/Third_Party/FreeRTOS/Source/queue.o
                0x000000000800b298                vQueueWaitForMessageRestricted
 .text.xTaskCreateStatic
                0x000000000800b300       0xb4 Middlewares/Third_Party/FreeRTOS/Source/tasks.o
                0x000000000800b300                xTaskCreateStatic
 .text.xTaskCreate
                0x000000000800b3b4       0x8a Middlewares/Third_Party/FreeRTOS/Source/tasks.o
                0x000000000800b3b4                xTaskCreate
 .text.prvInitialiseNewTask
                0x000000000800b43e      0x11c Middlewares/Third_Party/FreeRTOS/Source/tasks.o
 *fill*         0x000000000800b55a        0x2 
 .text.prvAddNewTaskToReadyList
                0x000000000800b55c       0xe0 Middlewares/Third_Party/FreeRTOS/Source/tasks.o
 .text.vTaskDelay
                0x000000000800b63c       0x68 Middlewares/Third_Party/FreeRTOS/Source/tasks.o
                0x000000000800b63c                vTaskDelay
 .text.vTaskStartScheduler
                0x000000000800b6a4       0xc8 Middlewares/Third_Party/FreeRTOS/Source/tasks.o
                0x000000000800b6a4                vTaskStartScheduler
 .text.vTaskSuspendAll
                0x000000000800b76c       0x1c Middlewares/Third_Party/FreeRTOS/Source/tasks.o
                0x000000000800b76c                vTaskSuspendAll
 .text.xTaskResumeAll
                0x000000000800b788      0x138 Middlewares/Third_Party/FreeRTOS/Source/tasks.o
                0x000000000800b788                xTaskResumeAll
 .text.xTaskGetTickCount
                0x000000000800b8c0       0x20 Middlewares/Third_Party/FreeRTOS/Source/tasks.o
                0x000000000800b8c0                xTaskGetTickCount
 .text.xTaskIncrementTick
                0x000000000800b8e0      0x170 Middlewares/Third_Party/FreeRTOS/Source/tasks.o
                0x000000000800b8e0                xTaskIncrementTick
 .text.vTaskSwitchContext
                0x000000000800ba50       0xb8 Middlewares/Third_Party/FreeRTOS/Source/tasks.o
                0x000000000800ba50                vTaskSwitchContext
 .text.vTaskPlaceOnEventList
                0x000000000800bb08       0x48 Middlewares/Third_Party/FreeRTOS/Source/tasks.o
                0x000000000800bb08                vTaskPlaceOnEventList
 .text.vTaskPlaceOnEventListRestricted
                0x000000000800bb50       0x54 Middlewares/Third_Party/FreeRTOS/Source/tasks.o
                0x000000000800bb50                vTaskPlaceOnEventListRestricted
 .text.xTaskRemoveFromEventList
                0x000000000800bba4       0xc4 Middlewares/Third_Party/FreeRTOS/Source/tasks.o
                0x000000000800bba4                xTaskRemoveFromEventList
 .text.vTaskInternalSetTimeOutState
                0x000000000800bc68       0x2c Middlewares/Third_Party/FreeRTOS/Source/tasks.o
                0x000000000800bc68                vTaskInternalSetTimeOutState
 .text.xTaskCheckForTimeOut
                0x000000000800bc94       0xc0 Middlewares/Third_Party/FreeRTOS/Source/tasks.o
                0x000000000800bc94                xTaskCheckForTimeOut
 .text.vTaskMissedYield
                0x000000000800bd54       0x18 Middlewares/Third_Party/FreeRTOS/Source/tasks.o
                0x000000000800bd54                vTaskMissedYield
 .text.prvIdleTask
                0x000000000800bd6c       0x30 Middlewares/Third_Party/FreeRTOS/Source/tasks.o
 .text.prvInitialiseTaskLists
                0x000000000800bd9c       0x80 Middlewares/Third_Party/FreeRTOS/Source/tasks.o
 .text.prvCheckTasksWaitingTermination
                0x000000000800be1c       0x58 Middlewares/Third_Party/FreeRTOS/Source/tasks.o
 .text.prvDeleteTCB
                0x000000000800be74       0x5c Middlewares/Third_Party/FreeRTOS/Source/tasks.o
 .text.prvResetNextTaskUnblockTime
                0x000000000800bed0       0x40 Middlewares/Third_Party/FreeRTOS/Source/tasks.o
 .text.xTaskGetSchedulerState
                0x000000000800bf10       0x3c Middlewares/Third_Party/FreeRTOS/Source/tasks.o
                0x000000000800bf10                xTaskGetSchedulerState
 .text.xTaskPriorityDisinherit
                0x000000000800bf4c       0xd8 Middlewares/Third_Party/FreeRTOS/Source/tasks.o
                0x000000000800bf4c                xTaskPriorityDisinherit
 .text.prvAddCurrentTaskToDelayedList
                0x000000000800c024       0xa8 Middlewares/Third_Party/FreeRTOS/Source/tasks.o
 .text.xTimerCreateTimerTask
                0x000000000800c0cc       0x90 Middlewares/Third_Party/FreeRTOS/Source/timers.o
                0x000000000800c0cc                xTimerCreateTimerTask
 .text.xTimerGenericCommand
                0x000000000800c15c       0x98 Middlewares/Third_Party/FreeRTOS/Source/timers.o
                0x000000000800c15c                xTimerGenericCommand
 .text.prvProcessExpiredTimer
                0x000000000800c1f4       0x98 Middlewares/Third_Party/FreeRTOS/Source/timers.o
 .text.prvTimerTask
                0x000000000800c28c       0x24 Middlewares/Third_Party/FreeRTOS/Source/timers.o
 .text.prvProcessTimerOrBlockTask
                0x000000000800c2b0       0x9c Middlewares/Third_Party/FreeRTOS/Source/timers.o
 .text.prvGetNextExpireTime
                0x000000000800c34c       0x48 Middlewares/Third_Party/FreeRTOS/Source/timers.o
 .text.prvSampleTimeNow
                0x000000000800c394       0x40 Middlewares/Third_Party/FreeRTOS/Source/timers.o
 .text.prvInsertTimerInActiveList
                0x000000000800c3d4       0x84 Middlewares/Third_Party/FreeRTOS/Source/timers.o
 .text.prvProcessReceivedCommands
                0x000000000800c458      0x1b8 Middlewares/Third_Party/FreeRTOS/Source/timers.o
 .text.prvSwitchTimerLists
                0x000000000800c610       0xc8 Middlewares/Third_Party/FreeRTOS/Source/timers.o
 .text.prvCheckForValidListAndQueue
                0x000000000800c6d8       0x80 Middlewares/Third_Party/FreeRTOS/Source/timers.o
 .text.pxPortInitialiseStack
                0x000000000800c758       0x68 Middlewares/Third_Party/FreeRTOS/Source/portable/GCC/ARM_CM4F/port.o
                0x000000000800c758                pxPortInitialiseStack
 .text.prvTaskExitError
                0x000000000800c7c0       0x54 Middlewares/Third_Party/FreeRTOS/Source/portable/GCC/ARM_CM4F/port.o
 *fill*         0x000000000800c814        0xc 
 .text.SVC_Handler
                0x000000000800c820       0x28 Middlewares/Third_Party/FreeRTOS/Source/portable/GCC/ARM_CM4F/port.o
                0x000000000800c820                SVC_Handler
 .text.prvPortStartFirstTask
                0x000000000800c848       0x28 Middlewares/Third_Party/FreeRTOS/Source/portable/GCC/ARM_CM4F/port.o
 .text.xPortStartScheduler
                0x000000000800c870      0x13c Middlewares/Third_Party/FreeRTOS/Source/portable/GCC/ARM_CM4F/port.o
                0x000000000800c870                xPortStartScheduler
 .text.vPortEnterCritical
                0x000000000800c9ac       0x5c Middlewares/Third_Party/FreeRTOS/Source/portable/GCC/ARM_CM4F/port.o
                0x000000000800c9ac                vPortEnterCritical
 .text.vPortExitCritical
                0x000000000800ca08       0x50 Middlewares/Third_Party/FreeRTOS/Source/portable/GCC/ARM_CM4F/port.o
                0x000000000800ca08                vPortExitCritical
 *fill*         0x000000000800ca58        0x8 
 .text.PendSV_Handler
                0x000000000800ca60       0x68 Middlewares/Third_Party/FreeRTOS/Source/portable/GCC/ARM_CM4F/port.o
                0x000000000800ca60                PendSV_Handler
 .text.xPortSysTickHandler
                0x000000000800cac8       0x40 Middlewares/Third_Party/FreeRTOS/Source/portable/GCC/ARM_CM4F/port.o
                0x000000000800cac8                xPortSysTickHandler
 .text.vPortSetupTimerInterrupt
                0x000000000800cb08       0x48 Middlewares/Third_Party/FreeRTOS/Source/portable/GCC/ARM_CM4F/port.o
                0x000000000800cb08                vPortSetupTimerInterrupt
 .text.vPortEnableVFP
                0x000000000800cb50       0x14 Middlewares/Third_Party/FreeRTOS/Source/portable/GCC/ARM_CM4F/port.o
 .text.vPortValidateInterruptPriority
                0x000000000800cb64       0x7c Middlewares/Third_Party/FreeRTOS/Source/portable/GCC/ARM_CM4F/port.o
                0x000000000800cb64                vPortValidateInterruptPriority
 .text.pvPortMalloc
                0x000000000800cbe0      0x184 Middlewares/Third_Party/FreeRTOS/Source/portable/MemMang/heap_4.o
                0x000000000800cbe0                pvPortMalloc
 .text.vPortFree
                0x000000000800cd64       0xb0 Middlewares/Third_Party/FreeRTOS/Source/portable/MemMang/heap_4.o
                0x000000000800cd64                vPortFree
 .text.prvHeapInit
                0x000000000800ce14       0xc4 Middlewares/Third_Party/FreeRTOS/Source/portable/MemMang/heap_4.o
 .text.prvInsertBlockIntoFreeList
                0x000000000800ced8       0xb4 Middlewares/Third_Party/FreeRTOS/Source/portable/MemMang/heap_4.o
 .text.main     0x000000000800cf8c       0x64 Src/main.o
                0x000000000800cf8c                main
 .text.SystemClock_Config
                0x000000000800cff0      0x154 Src/main.o
                0x000000000800cff0                SystemClock_Config
 .text.MX_ADC1_Init
                0x000000000800d144       0xfc Src/main.o
 .text.MX_DAC1_Init
                0x000000000800d240       0x64 Src/main.o
 .text.MX_I2C1_Init
                0x000000000800d2a4       0x80 Src/main.o
 .text.MX_I2C2_Init
                0x000000000800d324       0x80 Src/main.o
 .text.MX_LCD_Init
                0x000000000800d3a4       0x70 Src/main.o
 .text.MX_QUADSPI_Init
                0x000000000800d414       0x4c Src/main.o
 .text.MX_SAI1_Init
                0x000000000800d460      0x150 Src/main.o
 .text.MX_SPI2_Init
                0x000000000800d5b0       0x7c Src/main.o
 .text.MX_TIM4_Init
                0x000000000800d62c       0xcc Src/main.o
 .text.MX_USART2_UART_Init
                0x000000000800d6f8       0x60 Src/main.o
 .text.MX_DMA_Init
                0x000000000800d758       0x3c Src/main.o
 .text.MX_GPIO_Init
                0x000000000800d794      0x278 Src/main.o
 .text.StartDefaultTask
                0x000000000800da0c       0x14 Src/main.o
                0x000000000800da0c                StartDefaultTask
 .text.Error_Handler
                0x000000000800da20        0xe Src/main.o
                0x000000000800da20                Error_Handler
 *fill*         0x000000000800da2e        0x2 
 .text.HAL_MspInit
                0x000000000800da30       0x50 Src/stm32l4xx_hal_msp.o
                0x000000000800da30                HAL_MspInit
 .text.HAL_ADC_MspInit
                0x000000000800da80       0xdc Src/stm32l4xx_hal_msp.o
                0x000000000800da80                HAL_ADC_MspInit
 .text.HAL_DAC_MspInit
                0x000000000800db5c       0x7c Src/stm32l4xx_hal_msp.o
                0x000000000800db5c                HAL_DAC_MspInit
 .text.HAL_I2C_MspInit
                0x000000000800dbd8       0xe8 Src/stm32l4xx_hal_msp.o
                0x000000000800dbd8                HAL_I2C_MspInit
 .text.HAL_LCD_MspInit
                0x000000000800dcc0      0x144 Src/stm32l4xx_hal_msp.o
                0x000000000800dcc0                HAL_LCD_MspInit
 .text.HAL_QSPI_MspInit
                0x000000000800de04       0x88 Src/stm32l4xx_hal_msp.o
                0x000000000800de04                HAL_QSPI_MspInit
 .text.HAL_SPI_MspInit
                0x000000000800de8c       0x88 Src/stm32l4xx_hal_msp.o
                0x000000000800de8c                HAL_SPI_MspInit
 .text.HAL_TIM_Base_MspInit
                0x000000000800df14       0x40 Src/stm32l4xx_hal_msp.o
                0x000000000800df14                HAL_TIM_Base_MspInit
 .text.HAL_UART_MspInit
                0x000000000800df54       0x88 Src/stm32l4xx_hal_msp.o
                0x000000000800df54                HAL_UART_MspInit
 .text.HAL_SAI_MspInit
                0x000000000800dfdc       0xf0 Src/stm32l4xx_hal_msp.o
                0x000000000800dfdc                HAL_SAI_MspInit
 .text.NMI_Handler
                0x000000000800e0cc        0xe Src/stm32l4xx_it.o
                0x000000000800e0cc                NMI_Handler
 .text.HardFault_Handler
                0x000000000800e0da        0x6 Src/stm32l4xx_it.o
                0x000000000800e0da                HardFault_Handler
 .text.MemManage_Handler
                0x000000000800e0e0        0x6 Src/stm32l4xx_it.o
                0x000000000800e0e0                MemManage_Handler
 .text.BusFault_Handler
                0x000000000800e0e6        0x6 Src/stm32l4xx_it.o
                0x000000000800e0e6                BusFault_Handler
 .text.UsageFault_Handler
                0x000000000800e0ec        0x6 Src/stm32l4xx_it.o
                0x000000000800e0ec                UsageFault_Handler
 .text.DebugMon_Handler
                0x000000000800e0f2        0xe Src/stm32l4xx_it.o
                0x000000000800e0f2                DebugMon_Handler
 .text.SysTick_Handler
                0x000000000800e100       0x1a Src/stm32l4xx_it.o
                0x000000000800e100                SysTick_Handler
 *fill*         0x000000000800e11a        0x2 
 .text.DMA1_Channel1_IRQHandler
                0x000000000800e11c       0x14 Src/stm32l4xx_it.o
                0x000000000800e11c                DMA1_Channel1_IRQHandler
 .text.OTG_FS_IRQHandler
                0x000000000800e130       0x14 Src/stm32l4xx_it.o
                0x000000000800e130                OTG_FS_IRQHandler
 .text._sbrk    0x000000000800e144       0x58 Src/sysmem.o
                0x000000000800e144                _sbrk
 .text.SystemInit
                0x000000000800e19c       0x6c Src/system_stm32l4xx.o
                0x000000000800e19c                SystemInit
 .text.MX_USB_HOST_Init
                0x000000000800e208       0x4c Src/usb_host.o
                0x000000000800e208                MX_USB_HOST_Init
 .text.USBH_UserProcess
                0x000000000800e254       0x5c Src/usb_host.o
 .text.HAL_HCD_MspInit
                0x000000000800e2b0       0xcc Src/usbh_conf.o
                0x000000000800e2b0                HAL_HCD_MspInit
 .text.HAL_HCD_SOF_Callback
                0x000000000800e37c       0x1c Src/usbh_conf.o
                0x000000000800e37c                HAL_HCD_SOF_Callback
 .text.HAL_HCD_Connect_Callback
                0x000000000800e398       0x1c Src/usbh_conf.o
                0x000000000800e398                HAL_HCD_Connect_Callback
 .text.HAL_HCD_Disconnect_Callback
                0x000000000800e3b4       0x1c Src/usbh_conf.o
                0x000000000800e3b4                HAL_HCD_Disconnect_Callback
 .text.HAL_HCD_HC_NotifyURBChange_Callback
                0x000000000800e3d0       0x24 Src/usbh_conf.o
                0x000000000800e3d0                HAL_HCD_HC_NotifyURBChange_Callback
 .text.HAL_HCD_PortEnabled_Callback
                0x000000000800e3f4       0x1c Src/usbh_conf.o
                0x000000000800e3f4                HAL_HCD_PortEnabled_Callback
 .text.HAL_HCD_PortDisabled_Callback
                0x000000000800e410       0x1c Src/usbh_conf.o
                0x000000000800e410                HAL_HCD_PortDisabled_Callback
 .text.USBH_LL_Init
                0x000000000800e42c       0x78 Src/usbh_conf.o
                0x000000000800e42c                USBH_LL_Init
 .text.USBH_LL_Start
                0x000000000800e4a4       0x36 Src/usbh_conf.o
                0x000000000800e4a4                USBH_LL_Start
 .text.USBH_LL_Stop
                0x000000000800e4da       0x36 Src/usbh_conf.o
                0x000000000800e4da                USBH_LL_Stop
 .text.USBH_LL_GetSpeed
                0x000000000800e510       0x4a Src/usbh_conf.o
                0x000000000800e510                USBH_LL_GetSpeed
 .text.USBH_LL_ResetPort
                0x000000000800e55a       0x36 Src/usbh_conf.o
                0x000000000800e55a                USBH_LL_ResetPort
 .text.USBH_LL_GetLastXferSize
                0x000000000800e590       0x26 Src/usbh_conf.o
                0x000000000800e590                USBH_LL_GetLastXferSize
 .text.USBH_LL_OpenPipe
                0x000000000800e5b6       0x5e Src/usbh_conf.o
                0x000000000800e5b6                USBH_LL_OpenPipe
 .text.USBH_LL_ClosePipe
                0x000000000800e614       0x3e Src/usbh_conf.o
                0x000000000800e614                USBH_LL_ClosePipe
 .text.USBH_LL_SubmitURB
                0x000000000800e652       0x62 Src/usbh_conf.o
                0x000000000800e652                USBH_LL_SubmitURB
 .text.USBH_LL_GetURBState
                0x000000000800e6b4       0x26 Src/usbh_conf.o
                0x000000000800e6b4                USBH_LL_GetURBState
 .text.USBH_LL_DriverVBUS
                0x000000000800e6da       0x2e Src/usbh_conf.o
                0x000000000800e6da                USBH_LL_DriverVBUS
 .text.USBH_LL_SetToggle
                0x000000000800e708       0x66 Src/usbh_conf.o
                0x000000000800e708                USBH_LL_SetToggle
 .text.USBH_Delay
                0x000000000800e76e       0x16 Src/usbh_conf.o
                0x000000000800e76e                USBH_Delay
 .text.USBH_Get_USB_Status
                0x000000000800e784       0x58 Src/usbh_conf.o
                0x000000000800e784                USBH_Get_USB_Status
 .text.MX_DriverVbusFS
                0x000000000800e7dc       0x38 Src/usbh_platform.o
                0x000000000800e7dc                MX_DriverVbusFS
 .text.Reset_Handler
                0x000000000800e814       0x50 Startup/startup_stm32l476vgtx.o
                0x000000000800e814                Reset_Handler
 .text.Default_Handler
                0x000000000800e864        0x2 Startup/startup_stm32l476vgtx.o
                0x000000000800e864                RTC_Alarm_IRQHandler
                0x000000000800e864                EXTI2_IRQHandler
                0x000000000800e864                TIM8_TRG_COM_IRQHandler
                0x000000000800e864                TIM8_CC_IRQHandler
                0x000000000800e864                TIM1_CC_IRQHandler
                0x000000000800e864                TSC_IRQHandler
                0x000000000800e864                TAMP_STAMP_IRQHandler
                0x000000000800e864                EXTI3_IRQHandler
                0x000000000800e864                LPTIM2_IRQHandler
                0x000000000800e864                DFSDM1_FLT1_IRQHandler
                0x000000000800e864                I2C3_ER_IRQHandler
                0x000000000800e864                DFSDM1_FLT2_IRQHandler
                0x000000000800e864                EXTI0_IRQHandler
                0x000000000800e864                I2C2_EV_IRQHandler
                0x000000000800e864                CAN1_RX0_IRQHandler
                0x000000000800e864                FPU_IRQHandler
                0x000000000800e864                TIM1_UP_TIM16_IRQHandler
                0x000000000800e864                ADC1_2_IRQHandler
                0x000000000800e864                SPI1_IRQHandler
                0x000000000800e864                TIM6_DAC_IRQHandler
                0x000000000800e864                TIM8_UP_IRQHandler
                0x000000000800e864                DMA2_Channel2_IRQHandler
                0x000000000800e864                DMA1_Channel4_IRQHandler
                0x000000000800e864                SAI2_IRQHandler
                0x000000000800e864                DFSDM1_FLT3_IRQHandler
                0x000000000800e864                USART3_IRQHandler
                0x000000000800e864                DMA1_Channel7_IRQHandler
                0x000000000800e864                CAN1_RX1_IRQHandler
                0x000000000800e864                LCD_IRQHandler
                0x000000000800e864                UART5_IRQHandler
                0x000000000800e864                ADC3_IRQHandler
                0x000000000800e864                TIM4_IRQHandler
                0x000000000800e864                DMA2_Channel1_IRQHandler
                0x000000000800e864                QUADSPI_IRQHandler
                0x000000000800e864                I2C1_EV_IRQHandler
                0x000000000800e864                DMA1_Channel6_IRQHandler
                0x000000000800e864                UART4_IRQHandler
                0x000000000800e864                DMA2_Channel4_IRQHandler
                0x000000000800e864                TIM3_IRQHandler
                0x000000000800e864                RCC_IRQHandler
                0x000000000800e864                Default_Handler
                0x000000000800e864                DMA2_Channel7_IRQHandler
                0x000000000800e864                EXTI15_10_IRQHandler
                0x000000000800e864                TIM7_IRQHandler
                0x000000000800e864                SDMMC1_IRQHandler
                0x000000000800e864                TIM5_IRQHandler
                0x000000000800e864                I2C3_EV_IRQHandler
                0x000000000800e864                EXTI9_5_IRQHandler
                0x000000000800e864                RTC_WKUP_IRQHandler
                0x000000000800e864                PVD_PVM_IRQHandler
                0x000000000800e864                SPI2_IRQHandler
                0x000000000800e864                CAN1_TX_IRQHandler
                0x000000000800e864                DMA2_Channel5_IRQHandler
                0x000000000800e864                DMA1_Channel5_IRQHandler
                0x000000000800e864                EXTI4_IRQHandler
                0x000000000800e864                RNG_IRQHandler
                0x000000000800e864                TIM1_TRG_COM_TIM17_IRQHandler
                0x000000000800e864                DMA1_Channel3_IRQHandler
                0x000000000800e864                COMP_IRQHandler
                0x000000000800e864                WWDG_IRQHandler
                0x000000000800e864                LPUART1_IRQHandler
                0x000000000800e864                DMA2_Channel6_IRQHandler
                0x000000000800e864                TIM2_IRQHandler
                0x000000000800e864                EXTI1_IRQHandler
                0x000000000800e864                USART2_IRQHandler
                0x000000000800e864                DFSDM1_FLT0_IRQHandler
                0x000000000800e864                I2C2_ER_IRQHandler
                0x000000000800e864                DMA1_Channel2_IRQHandler
                0x000000000800e864                TIM8_BRK_IRQHandler
                0x000000000800e864                CAN1_SCE_IRQHandler
                0x000000000800e864                FLASH_IRQHandler
                0x000000000800e864                USART1_IRQHandler
                0x000000000800e864                SPI3_IRQHandler
                0x000000000800e864                I2C1_ER_IRQHandler
                0x000000000800e864                FMC_IRQHandler
                0x000000000800e864                SWPMI1_IRQHandler
                0x000000000800e864                LPTIM1_IRQHandler
                0x000000000800e864                SAI1_IRQHandler
                0x000000000800e864                DMA2_Channel3_IRQHandler
                0x000000000800e864                TIM1_BRK_TIM15_IRQHandler
 *fill*         0x000000000800e866        0x2 
 .text.__errno  0x000000000800e868        0xc c:/st/stm32cubeide_1.0.1/stm32cubeide/plugins/com.st.stm32cube.ide.mcu.externaltools.gnu-tools-for-stm32.7-2018-q2-update.win32_1.0.0.201904181610/tools/bin/../lib/gcc/arm-none-eabi/7.3.1/../../../../arm-none-eabi/lib/thumb/v7e-m/fpv4-sp/hard\libc_nano.a(lib_a-errno.o)
                0x000000000800e868                __errno
 .text.__libc_init_array
                0x000000000800e874       0x48 c:/st/stm32cubeide_1.0.1/stm32cubeide/plugins/com.st.stm32cube.ide.mcu.externaltools.gnu-tools-for-stm32.7-2018-q2-update.win32_1.0.0.201904181610/tools/bin/../lib/gcc/arm-none-eabi/7.3.1/../../../../arm-none-eabi/lib/thumb/v7e-m/fpv4-sp/hard\libc_nano.a(lib_a-init.o)
                0x000000000800e874                __libc_init_array
 .text.malloc   0x000000000800e8bc       0x10 c:/st/stm32cubeide_1.0.1/stm32cubeide/plugins/com.st.stm32cube.ide.mcu.externaltools.gnu-tools-for-stm32.7-2018-q2-update.win32_1.0.0.201904181610/tools/bin/../lib/gcc/arm-none-eabi/7.3.1/../../../../arm-none-eabi/lib/thumb/v7e-m/fpv4-sp/hard\libc_nano.a(lib_a-malloc.o)
                0x000000000800e8bc                malloc
 .text.free     0x000000000800e8cc       0x10 c:/st/stm32cubeide_1.0.1/stm32cubeide/plugins/com.st.stm32cube.ide.mcu.externaltools.gnu-tools-for-stm32.7-2018-q2-update.win32_1.0.0.201904181610/tools/bin/../lib/gcc/arm-none-eabi/7.3.1/../../../../arm-none-eabi/lib/thumb/v7e-m/fpv4-sp/hard\libc_nano.a(lib_a-malloc.o)
                0x000000000800e8cc                free
 .text.memcpy   0x000000000800e8dc       0x16 c:/st/stm32cubeide_1.0.1/stm32cubeide/plugins/com.st.stm32cube.ide.mcu.externaltools.gnu-tools-for-stm32.7-2018-q2-update.win32_1.0.0.201904181610/tools/bin/../lib/gcc/arm-none-eabi/7.3.1/../../../../arm-none-eabi/lib/thumb/v7e-m/fpv4-sp/hard\libc_nano.a(lib_a-memcpy-stub.o)
                0x000000000800e8dc                memcpy
 .text.memset   0x000000000800e8f2       0x10 c:/st/stm32cubeide_1.0.1/stm32cubeide/plugins/com.st.stm32cube.ide.mcu.externaltools.gnu-tools-for-stm32.7-2018-q2-update.win32_1.0.0.201904181610/tools/bin/../lib/gcc/arm-none-eabi/7.3.1/../../../../arm-none-eabi/lib/thumb/v7e-m/fpv4-sp/hard\libc_nano.a(lib_a-memset.o)
                0x000000000800e8f2                memset
 *fill*         0x000000000800e902        0x2 
 .text._free_r  0x000000000800e904       0x9c c:/st/stm32cubeide_1.0.1/stm32cubeide/plugins/com.st.stm32cube.ide.mcu.externaltools.gnu-tools-for-stm32.7-2018-q2-update.win32_1.0.0.201904181610/tools/bin/../lib/gcc/arm-none-eabi/7.3.1/../../../../arm-none-eabi/lib/thumb/v7e-m/fpv4-sp/hard\libc_nano.a(lib_a-nano-freer.o)
                0x000000000800e904                _free_r
 .text._malloc_r
                0x000000000800e9a0       0xb4 c:/st/stm32cubeide_1.0.1/stm32cubeide/plugins/com.st.stm32cube.ide.mcu.externaltools.gnu-tools-for-stm32.7-2018-q2-update.win32_1.0.0.201904181610/tools/bin/../lib/gcc/arm-none-eabi/7.3.1/../../../../arm-none-eabi/lib/thumb/v7e-m/fpv4-sp/hard\libc_nano.a(lib_a-nano-mallocr.o)
                0x000000000800e9a0                _malloc_r
 .text._sbrk_r  0x000000000800ea54       0x20 c:/st/stm32cubeide_1.0.1/stm32cubeide/plugins/com.st.stm32cube.ide.mcu.externaltools.gnu-tools-for-stm32.7-2018-q2-update.win32_1.0.0.201904181610/tools/bin/../lib/gcc/arm-none-eabi/7.3.1/../../../../arm-none-eabi/lib/thumb/v7e-m/fpv4-sp/hard\libc_nano.a(lib_a-sbrkr.o)
                0x000000000800ea54                _sbrk_r
 .text.__malloc_lock
                0x000000000800ea74        0x2 c:/st/stm32cubeide_1.0.1/stm32cubeide/plugins/com.st.stm32cube.ide.mcu.externaltools.gnu-tools-for-stm32.7-2018-q2-update.win32_1.0.0.201904181610/tools/bin/../lib/gcc/arm-none-eabi/7.3.1/../../../../arm-none-eabi/lib/thumb/v7e-m/fpv4-sp/hard\libc_nano.a(lib_a-mlock.o)
                0x000000000800ea74                __malloc_lock
 .text.__malloc_unlock
                0x000000000800ea76        0x2 c:/st/stm32cubeide_1.0.1/stm32cubeide/plugins/com.st.stm32cube.ide.mcu.externaltools.gnu-tools-for-stm32.7-2018-q2-update.win32_1.0.0.201904181610/tools/bin/../lib/gcc/arm-none-eabi/7.3.1/../../../../arm-none-eabi/lib/thumb/v7e-m/fpv4-sp/hard\libc_nano.a(lib_a-mlock.o)
                0x000000000800ea76                __malloc_unlock
 *(.glue_7)
 .glue_7        0x000000000800ea78        0x0 linker stubs
 *(.glue_7t)
 .glue_7t       0x000000000800ea78        0x0 linker stubs
 *(.eh_frame)
 .eh_frame      0x000000000800ea78        0x0 c:/st/stm32cubeide_1.0.1/stm32cubeide/plugins/com.st.stm32cube.ide.mcu.externaltools.gnu-tools-for-stm32.7-2018-q2-update.win32_1.0.0.201904181610/tools/bin/../lib/gcc/arm-none-eabi/7.3.1/thumb/v7e-m/fpv4-sp/hard/crtbegin.o
 *(.init)
 .init          0x000000000800ea78        0x4 c:/st/stm32cubeide_1.0.1/stm32cubeide/plugins/com.st.stm32cube.ide.mcu.externaltools.gnu-tools-for-stm32.7-2018-q2-update.win32_1.0.0.201904181610/tools/bin/../lib/gcc/arm-none-eabi/7.3.1/thumb/v7e-m/fpv4-sp/hard/crti.o
                0x000000000800ea78                _init
 .init          0x000000000800ea7c        0x8 c:/st/stm32cubeide_1.0.1/stm32cubeide/plugins/com.st.stm32cube.ide.mcu.externaltools.gnu-tools-for-stm32.7-2018-q2-update.win32_1.0.0.201904181610/tools/bin/../lib/gcc/arm-none-eabi/7.3.1/thumb/v7e-m/fpv4-sp/hard/crtn.o
 *(.fini)
 .fini          0x000000000800ea84        0x4 c:/st/stm32cubeide_1.0.1/stm32cubeide/plugins/com.st.stm32cube.ide.mcu.externaltools.gnu-tools-for-stm32.7-2018-q2-update.win32_1.0.0.201904181610/tools/bin/../lib/gcc/arm-none-eabi/7.3.1/thumb/v7e-m/fpv4-sp/hard/crti.o
                0x000000000800ea84                _fini
 .fini          0x000000000800ea88        0x8 c:/st/stm32cubeide_1.0.1/stm32cubeide/plugins/com.st.stm32cube.ide.mcu.externaltools.gnu-tools-for-stm32.7-2018-q2-update.win32_1.0.0.201904181610/tools/bin/../lib/gcc/arm-none-eabi/7.3.1/thumb/v7e-m/fpv4-sp/hard/crtn.o
                0x000000000800ea90                . = ALIGN (0x4)
                0x000000000800ea90                _etext = .

.vfp11_veneer   0x000000000800ea90        0x0
 .vfp11_veneer  0x000000000800ea90        0x0 linker stubs

.v4_bx          0x000000000800ea90        0x0
 .v4_bx         0x000000000800ea90        0x0 linker stubs

.iplt           0x000000000800ea90        0x0
 .iplt          0x000000000800ea90        0x0 c:/st/stm32cubeide_1.0.1/stm32cubeide/plugins/com.st.stm32cube.ide.mcu.externaltools.gnu-tools-for-stm32.7-2018-q2-update.win32_1.0.0.201904181610/tools/bin/../lib/gcc/arm-none-eabi/7.3.1/thumb/v7e-m/fpv4-sp/hard/crtbegin.o

.rodata         0x000000000800ea90       0xa0
                0x000000000800ea90                . = ALIGN (0x4)
 *(.rodata)
 .rodata        0x000000000800ea90        0x4 Middlewares/ST/STM32_USB_Host_Library/Class/CDC/Src/usbh_cdc.o
 .rodata        0x000000000800ea94        0xb Middlewares/ST/STM32_USB_Host_Library/Core/Src/usbh_core.o
 *fill*         0x000000000800ea9f        0x1 
 .rodata        0x000000000800eaa0        0x5 Middlewares/Third_Party/FreeRTOS/Source/tasks.o
 *fill*         0x000000000800eaa5        0x3 
 .rodata        0x000000000800eaa8        0xd Middlewares/Third_Party/FreeRTOS/Source/timers.o
 *fill*         0x000000000800eab5        0x3 
 .rodata        0x000000000800eab8        0xc Src/main.o
 *(.rodata*)
 .rodata.defaultTask_attributes
                0x000000000800eac4       0x24 Src/main.o
                0x000000000800eac4                defaultTask_attributes
 .rodata.AHBPrescTable
                0x000000000800eae8       0x10 Src/system_stm32l4xx.o
                0x000000000800eae8                AHBPrescTable
 .rodata.APBPrescTable
                0x000000000800eaf8        0x8 Src/system_stm32l4xx.o
                0x000000000800eaf8                APBPrescTable
 .rodata.MSIRangeTable
                0x000000000800eb00       0x30 Src/system_stm32l4xx.o
                0x000000000800eb00                MSIRangeTable
                0x000000000800eb30                . = ALIGN (0x4)

.ARM.extab      0x000000000800eb30        0x0
                0x000000000800eb30                . = ALIGN (0x4)
 *(.ARM.extab* .gnu.linkonce.armextab.*)
                0x000000000800eb30                . = ALIGN (0x4)

.ARM            0x000000000800eb30        0x8
                0x000000000800eb30                . = ALIGN (0x4)
                0x000000000800eb30                __exidx_start = .
 *(.ARM.exidx*)
 .ARM.exidx     0x000000000800eb30        0x8 c:/st/stm32cubeide_1.0.1/stm32cubeide/plugins/com.st.stm32cube.ide.mcu.externaltools.gnu-tools-for-stm32.7-2018-q2-update.win32_1.0.0.201904181610/tools/bin/../lib/gcc/arm-none-eabi/7.3.1/thumb/v7e-m/fpv4-sp/hard\libgcc.a(_udivmoddi4.o)
                0x000000000800eb38                __exidx_end = .
                0x000000000800eb38                . = ALIGN (0x4)

.rel.dyn        0x000000000800eb38        0x0
 .rel.iplt      0x000000000800eb38        0x0 c:/st/stm32cubeide_1.0.1/stm32cubeide/plugins/com.st.stm32cube.ide.mcu.externaltools.gnu-tools-for-stm32.7-2018-q2-update.win32_1.0.0.201904181610/tools/bin/../lib/gcc/arm-none-eabi/7.3.1/thumb/v7e-m/fpv4-sp/hard/crtbegin.o

.preinit_array  0x000000000800eb38        0x0
                0x000000000800eb38                . = ALIGN (0x4)
                0x000000000800eb38                PROVIDE (__preinit_array_start = .)
 *(.preinit_array*)
                0x000000000800eb38                PROVIDE (__preinit_array_end = .)
                0x000000000800eb38                . = ALIGN (0x4)

.init_array     0x000000000800eb38        0x4
                0x000000000800eb38                . = ALIGN (0x4)
                0x000000000800eb38                PROVIDE (__init_array_start = .)
 *(SORT_BY_NAME(.init_array.*))
 *(.init_array*)
 .init_array    0x000000000800eb38        0x4 c:/st/stm32cubeide_1.0.1/stm32cubeide/plugins/com.st.stm32cube.ide.mcu.externaltools.gnu-tools-for-stm32.7-2018-q2-update.win32_1.0.0.201904181610/tools/bin/../lib/gcc/arm-none-eabi/7.3.1/thumb/v7e-m/fpv4-sp/hard/crtbegin.o
                0x000000000800eb3c                PROVIDE (__init_array_end = .)
                0x000000000800eb3c                . = ALIGN (0x4)

.fini_array     0x000000000800eb3c        0x4
                0x000000000800eb3c                . = ALIGN (0x4)
                [!provide]                        PROVIDE (__fini_array_start = .)
 *(SORT_BY_NAME(.fini_array.*))
 *(.fini_array*)
 .fini_array    0x000000000800eb3c        0x4 c:/st/stm32cubeide_1.0.1/stm32cubeide/plugins/com.st.stm32cube.ide.mcu.externaltools.gnu-tools-for-stm32.7-2018-q2-update.win32_1.0.0.201904181610/tools/bin/../lib/gcc/arm-none-eabi/7.3.1/thumb/v7e-m/fpv4-sp/hard/crtbegin.o
                [!provide]                        PROVIDE (__fini_array_end = .)
                0x000000000800eb40                . = ALIGN (0x4)
                0x000000000800eb40                _sidata = LOADADDR (.data)

.data           0x0000000020000000       0x94 load address 0x000000000800eb40
                0x0000000020000000                . = ALIGN (0x4)
                0x0000000020000000                _sdata = .
 *(.data)
 *(.data*)
 .data.uwTickPrio
                0x0000000020000000        0x4 Drivers/STM32L4xx_HAL_Driver/Src/stm32l4xx_hal.o
                0x0000000020000000                uwTickPrio
 .data.uwTickFreq
                0x0000000020000004        0x4 Drivers/STM32L4xx_HAL_Driver/Src/stm32l4xx_hal.o
                0x0000000020000004                uwTickFreq
 .data.CDC_Class
                0x0000000020000008       0x20 Middlewares/ST/STM32_USB_Host_Library/Class/CDC/Src/usbh_cdc.o
                0x0000000020000008                CDC_Class
 .data.uxCriticalNesting
                0x0000000020000028        0x4 Middlewares/Third_Party/FreeRTOS/Source/portable/GCC/ARM_CM4F/port.o
 .data.SystemCoreClock
                0x000000002000002c        0x4 Src/system_stm32l4xx.o
                0x000000002000002c                SystemCoreClock
 .data._impure_ptr
                0x0000000020000030        0x4 c:/st/stm32cubeide_1.0.1/stm32cubeide/plugins/com.st.stm32cube.ide.mcu.externaltools.gnu-tools-for-stm32.7-2018-q2-update.win32_1.0.0.201904181610/tools/bin/../lib/gcc/arm-none-eabi/7.3.1/../../../../arm-none-eabi/lib/thumb/v7e-m/fpv4-sp/hard\libc_nano.a(lib_a-impure.o)
                0x0000000020000030                _impure_ptr
 .data.impure_data
                0x0000000020000034       0x60 c:/st/stm32cubeide_1.0.1/stm32cubeide/plugins/com.st.stm32cube.ide.mcu.externaltools.gnu-tools-for-stm32.7-2018-q2-update.win32_1.0.0.201904181610/tools/bin/../lib/gcc/arm-none-eabi/7.3.1/../../../../arm-none-eabi/lib/thumb/v7e-m/fpv4-sp/hard\libc_nano.a(lib_a-impure.o)
                0x0000000020000094                . = ALIGN (0x4)
                0x0000000020000094                _edata = .

.igot.plt       0x0000000020000094        0x0 load address 0x000000000800ebd4
 .igot.plt      0x0000000020000094        0x0 c:/st/stm32cubeide_1.0.1/stm32cubeide/plugins/com.st.stm32cube.ide.mcu.externaltools.gnu-tools-for-stm32.7-2018-q2-update.win32_1.0.0.201904181610/tools/bin/../lib/gcc/arm-none-eabi/7.3.1/thumb/v7e-m/fpv4-sp/hard/crtbegin.o
                0x0000000020000094                . = ALIGN (0x4)

.bss            0x0000000020000094     0x2408 load address 0x000000000800ebd4
                0x0000000020000094                _sbss = .
                0x0000000020000094                __bss_start__ = _sbss
 *(.bss)
 .bss           0x0000000020000094       0x1c c:/st/stm32cubeide_1.0.1/stm32cubeide/plugins/com.st.stm32cube.ide.mcu.externaltools.gnu-tools-for-stm32.7-2018-q2-update.win32_1.0.0.201904181610/tools/bin/../lib/gcc/arm-none-eabi/7.3.1/thumb/v7e-m/fpv4-sp/hard/crtbegin.o
 *(.bss*)
 .bss.tmpreg.10629
                0x00000000200000b0        0x4 Drivers/STM32L4xx_HAL_Driver/Src/stm32l4xx_ll_usb.o
 .bss.KernelState
                0x00000000200000b4        0x4 Middlewares/Third_Party/FreeRTOS/Source/CMSIS_RTOS_V2/cmsis_os2.o
 .bss.Idle_TCB  0x00000000200000b8       0x5c Middlewares/Third_Party/FreeRTOS/Source/CMSIS_RTOS_V2/cmsis_os2.o
 .bss.Idle_Stack
                0x0000000020000114      0x200 Middlewares/Third_Party/FreeRTOS/Source/CMSIS_RTOS_V2/cmsis_os2.o
 .bss.Timer_TCB
                0x0000000020000314       0x5c Middlewares/Third_Party/FreeRTOS/Source/CMSIS_RTOS_V2/cmsis_os2.o
 .bss.Timer_Stack
                0x0000000020000370      0x400 Middlewares/Third_Party/FreeRTOS/Source/CMSIS_RTOS_V2/cmsis_os2.o
 .bss.pxCurrentTCB
                0x0000000020000770        0x4 Middlewares/Third_Party/FreeRTOS/Source/tasks.o
                0x0000000020000770                pxCurrentTCB
 .bss.pxReadyTasksLists
                0x0000000020000774      0x460 Middlewares/Third_Party/FreeRTOS/Source/tasks.o
 .bss.xDelayedTaskList1
                0x0000000020000bd4       0x14 Middlewares/Third_Party/FreeRTOS/Source/tasks.o
 .bss.xDelayedTaskList2
                0x0000000020000be8       0x14 Middlewares/Third_Party/FreeRTOS/Source/tasks.o
 .bss.pxDelayedTaskList
                0x0000000020000bfc        0x4 Middlewares/Third_Party/FreeRTOS/Source/tasks.o
 .bss.pxOverflowDelayedTaskList
                0x0000000020000c00        0x4 Middlewares/Third_Party/FreeRTOS/Source/tasks.o
 .bss.xPendingReadyList
                0x0000000020000c04       0x14 Middlewares/Third_Party/FreeRTOS/Source/tasks.o
 .bss.xTasksWaitingTermination
                0x0000000020000c18       0x14 Middlewares/Third_Party/FreeRTOS/Source/tasks.o
 .bss.uxDeletedTasksWaitingCleanUp
                0x0000000020000c2c        0x4 Middlewares/Third_Party/FreeRTOS/Source/tasks.o
 .bss.xSuspendedTaskList
                0x0000000020000c30       0x14 Middlewares/Third_Party/FreeRTOS/Source/tasks.o
 .bss.uxCurrentNumberOfTasks
                0x0000000020000c44        0x4 Middlewares/Third_Party/FreeRTOS/Source/tasks.o
 .bss.xTickCount
                0x0000000020000c48        0x4 Middlewares/Third_Party/FreeRTOS/Source/tasks.o
 .bss.uxTopReadyPriority
                0x0000000020000c4c        0x4 Middlewares/Third_Party/FreeRTOS/Source/tasks.o
 .bss.xSchedulerRunning
                0x0000000020000c50        0x4 Middlewares/Third_Party/FreeRTOS/Source/tasks.o
 .bss.uxPendedTicks
                0x0000000020000c54        0x4 Middlewares/Third_Party/FreeRTOS/Source/tasks.o
 .bss.xYieldPending
                0x0000000020000c58        0x4 Middlewares/Third_Party/FreeRTOS/Source/tasks.o
 .bss.xNumOfOverflows
                0x0000000020000c5c        0x4 Middlewares/Third_Party/FreeRTOS/Source/tasks.o
 .bss.uxTaskNumber
                0x0000000020000c60        0x4 Middlewares/Third_Party/FreeRTOS/Source/tasks.o
 .bss.xNextTaskUnblockTime
                0x0000000020000c64        0x4 Middlewares/Third_Party/FreeRTOS/Source/tasks.o
 .bss.xIdleTaskHandle
                0x0000000020000c68        0x4 Middlewares/Third_Party/FreeRTOS/Source/tasks.o
 .bss.uxSchedulerSuspended
                0x0000000020000c6c        0x4 Middlewares/Third_Party/FreeRTOS/Source/tasks.o
 .bss.xActiveTimerList1
                0x0000000020000c70       0x14 Middlewares/Third_Party/FreeRTOS/Source/timers.o
 .bss.xActiveTimerList2
                0x0000000020000c84       0x14 Middlewares/Third_Party/FreeRTOS/Source/timers.o
 .bss.pxCurrentTimerList
                0x0000000020000c98        0x4 Middlewares/Third_Party/FreeRTOS/Source/timers.o
 .bss.pxOverflowTimerList
                0x0000000020000c9c        0x4 Middlewares/Third_Party/FreeRTOS/Source/timers.o
 .bss.xTimerQueue
                0x0000000020000ca0        0x4 Middlewares/Third_Party/FreeRTOS/Source/timers.o
 .bss.xTimerTaskHandle
                0x0000000020000ca4        0x4 Middlewares/Third_Party/FreeRTOS/Source/timers.o
 .bss.xLastTime.6743
                0x0000000020000ca8        0x4 Middlewares/Third_Party/FreeRTOS/Source/timers.o
 .bss.ucStaticTimerQueueStorage.6794
                0x0000000020000cac       0xa0 Middlewares/Third_Party/FreeRTOS/Source/timers.o
 .bss.xStaticTimerQueue.6793
                0x0000000020000d4c       0x50 Middlewares/Third_Party/FreeRTOS/Source/timers.o
 .bss.ucMaxSysCallPriority
                0x0000000020000d9c        0x1 Middlewares/Third_Party/FreeRTOS/Source/portable/GCC/ARM_CM4F/port.o
 *fill*         0x0000000020000d9d        0x3 
 .bss.ulMaxPRIGROUPValue
                0x0000000020000da0        0x4 Middlewares/Third_Party/FreeRTOS/Source/portable/GCC/ARM_CM4F/port.o
 .bss.ucHeap    0x0000000020000da4      0xbb8 Middlewares/Third_Party/FreeRTOS/Source/portable/MemMang/heap_4.o
 .bss.xStart    0x000000002000195c        0x8 Middlewares/Third_Party/FreeRTOS/Source/portable/MemMang/heap_4.o
 .bss.pxEnd     0x0000000020001964        0x4 Middlewares/Third_Party/FreeRTOS/Source/portable/MemMang/heap_4.o
 .bss.xFreeBytesRemaining
                0x0000000020001968        0x4 Middlewares/Third_Party/FreeRTOS/Source/portable/MemMang/heap_4.o
 .bss.xMinimumEverFreeBytesRemaining
                0x000000002000196c        0x4 Middlewares/Third_Party/FreeRTOS/Source/portable/MemMang/heap_4.o
 .bss.xBlockAllocatedBit
                0x0000000020001970        0x4 Middlewares/Third_Party/FreeRTOS/Source/portable/MemMang/heap_4.o
 .bss.SAI1_client
                0x0000000020001974        0x4 Src/stm32l4xx_hal_msp.o
 .bss.heap_end.6424
                0x0000000020001978        0x4 Src/sysmem.o
 .bss.Appli_state
                0x000000002000197c        0x1 Src/usb_host.o
                0x000000002000197c                Appli_state
 *fill*         0x000000002000197d        0x3 
 .bss.__malloc_free_list
                0x0000000020001980        0x4 c:/st/stm32cubeide_1.0.1/stm32cubeide/plugins/com.st.stm32cube.ide.mcu.externaltools.gnu-tools-for-stm32.7-2018-q2-update.win32_1.0.0.201904181610/tools/bin/../lib/gcc/arm-none-eabi/7.3.1/../../../../arm-none-eabi/lib/thumb/v7e-m/fpv4-sp/hard\libc_nano.a(lib_a-nano-mallocr.o)
                0x0000000020001980                __malloc_free_list
 .bss.__malloc_sbrk_start
                0x0000000020001984        0x4 c:/st/stm32cubeide_1.0.1/stm32cubeide/plugins/com.st.stm32cube.ide.mcu.externaltools.gnu-tools-for-stm32.7-2018-q2-update.win32_1.0.0.201904181610/tools/bin/../lib/gcc/arm-none-eabi/7.3.1/../../../../arm-none-eabi/lib/thumb/v7e-m/fpv4-sp/hard\libc_nano.a(lib_a-nano-mallocr.o)
                0x0000000020001984                __malloc_sbrk_start
 *(COMMON)
 COMMON         0x0000000020001988        0x4 Drivers/STM32L4xx_HAL_Driver/Src/stm32l4xx_hal.o
                0x0000000020001988                uwTick
 COMMON         0x000000002000198c       0x24 Middlewares/ST/STM32_USB_Host_Library/Core/Src/usbh_core.o
                0x000000002000198c                USBH_Thread_Atrr
 COMMON         0x00000000200019b0       0x40 Middlewares/Third_Party/FreeRTOS/Source/queue.o
                0x00000000200019b0                xQueueRegistry
 COMMON         0x00000000200019f0      0x408 Src/main.o
                0x00000000200019f0                defaultTaskHandle
                0x00000000200019f4                hspi2
                0x0000000020001a58                htim4
                0x0000000020001a98                hdac1
                0x0000000020001aac                hi2c1
                0x0000000020001af8                hi2c2
                0x0000000020001b44                hsai_BlockB1
                0x0000000020001bc8                hadc1
                0x0000000020001c2c                hdma_adc1
                0x0000000020001c74                hlcd
                0x0000000020001cb0                hsai_BlockA1
                0x0000000020001d34                huart2
                0x0000000020001db4                hqspi
 COMMON         0x0000000020001df8      0x3dc Src/usb_host.o
                0x0000000020001df8                hUsbHostFS
 COMMON         0x00000000200021d4      0x2c4 Src/usbh_conf.o
                0x00000000200021d4                hhcd_USB_OTG_FS
 COMMON         0x0000000020002498        0x4 c:/st/stm32cubeide_1.0.1/stm32cubeide/plugins/com.st.stm32cube.ide.mcu.externaltools.gnu-tools-for-stm32.7-2018-q2-update.win32_1.0.0.201904181610/tools/bin/../lib/gcc/arm-none-eabi/7.3.1/../../../../arm-none-eabi/lib/thumb/v7e-m/fpv4-sp/hard\libc_nano.a(lib_a-reent.o)
                0x0000000020002498                errno
                0x000000002000249c                . = ALIGN (0x4)
                0x000000002000249c                _ebss = .
                0x000000002000249c                __bss_end__ = _ebss

._user_heap_stack
                0x000000002000249c      0x604 load address 0x000000000800ebd4
                0x00000000200024a0                . = ALIGN (0x8)
 *fill*         0x000000002000249c        0x4 
                0x00000000200024a0                PROVIDE (end = .)
                [!provide]                        PROVIDE (_end = .)
                0x00000000200026a0                . = (. + _Min_Heap_Size)
 *fill*         0x00000000200024a0      0x200 
                0x0000000020002aa0                . = (. + _Min_Stack_Size)
 *fill*         0x00000000200026a0      0x400 
                0x0000000020002aa0                . = ALIGN (0x8)

/DISCARD/
 libc.a(*)
 libm.a(*)
 libgcc.a(*)

.ARM.attributes
                0x0000000000000000       0x30
 *(.ARM.attributes)
 .ARM.attributes
                0x0000000000000000       0x22 c:/st/stm32cubeide_1.0.1/stm32cubeide/plugins/com.st.stm32cube.ide.mcu.externaltools.gnu-tools-for-stm32.7-2018-q2-update.win32_1.0.0.201904181610/tools/bin/../lib/gcc/arm-none-eabi/7.3.1/thumb/v7e-m/fpv4-sp/hard/crti.o
 .ARM.attributes
                0x0000000000000022       0x34 c:/st/stm32cubeide_1.0.1/stm32cubeide/plugins/com.st.stm32cube.ide.mcu.externaltools.gnu-tools-for-stm32.7-2018-q2-update.win32_1.0.0.201904181610/tools/bin/../lib/gcc/arm-none-eabi/7.3.1/thumb/v7e-m/fpv4-sp/hard/crtbegin.o
 .ARM.attributes