main.c:107:5:main	8	static
main.c:192:6:SystemClock_Config	232	static
main.c:271:13:MX_ADC1_Init	48	static
main.c:336:13:MX_DAC1_Init	48	static
main.c:377:13:MX_I2C1_Init	8	static
main.c:423:13:MX_I2C2_Init	8	static
main.c:469:13:MX_LCD_Init	8	static
main.c:507:13:MX_QUADSPI_Init	8	static
main.c:540:13:MX_SAI1_Init	8	static
main.c:615:13:MX_SPI2_Init	8	static
main.c:655:13:MX_TIM4_Init	56	static
main.c:707:13:MX_USART2_UART_Init	8	static
main.c:740:13:MX_DMA_Init	16	static
main.c:758:13:MX_GPIO_Init	56	static
main.c:889:6:StartDefaultTask	16	static
main.c:906:6:Error_Handler	4	static
