stm32l4xx_hal_msp.c:65:6:HAL_MspInit	16	static
stm32l4xx_hal_msp.c:89:6:HAL_ADC_MspInit	48	static
stm32l4xx_hal_msp.c:140:6:HAL_ADC_MspDeInit	16	static
stm32l4xx_hal_msp.c:170:6:HAL_DAC_MspInit	48	static
stm32l4xx_hal_msp.c:203:6:HAL_DAC_MspDeInit	16	static
stm32l4xx_hal_msp.c:231:6:HAL_I2C_MspInit	56	static
stm32l4xx_hal_msp.c:291:6:HAL_I2C_MspDeInit	16	static
stm32l4xx_hal_msp.c:338:6:HAL_LCD_MspInit	56	static
stm32l4xx_hal_msp.c:430:6:HAL_LCD_MspDeInit	16	static
stm32l4xx_hal_msp.c:497:6:HAL_QSPI_MspInit	48	static
stm32l4xx_hal_msp.c:538:6:HAL_QSPI_MspDeInit	16	static
stm32l4xx_hal_msp.c:572:6:HAL_SPI_MspInit	48	static
stm32l4xx_hal_msp.c:609:6:HAL_SPI_MspDeInit	16	static
stm32l4xx_hal_msp.c:639:6:HAL_TIM_Base_MspInit	24	static
stm32l4xx_hal_msp.c:661:6:HAL_TIM_Base_MspDeInit	16	static
stm32l4xx_hal_msp.c:683:6:HAL_UART_MspInit	48	static
stm32l4xx_hal_msp.c:719:6:HAL_UART_MspDeInit	16	static
stm32l4xx_hal_msp.c:744:6:HAL_SAI_MspInit	48	static
stm32l4xx_hal_msp.c:802:6:HAL_SAI_MspDeInit	16	static
